Component: ARM Compiler 5.06 update 6 (build 750) Tool: armlink [4d35ed]

==============================================================================

Section Cross References

    main.o(i.Task0) refers to os.o(i.OS_Wait) for OS_Wait
    main.o(i.Task0) refers to uart.o(i.UART_InString) for UART_InString
    main.o(i.Task0) refers to os.o(i.OS_FIFO_Init) for OS_FIFO_Init
    main.o(i.Task0) refers to os.o(i.OS_Signal) for OS_Signal
    main.o(i.Task0) refers to main.o(.data) for GameRun
    main.o(i.Task0) refers to main.o(.bss) for UART_Data
    main.o(i.Task1) refers to os.o(i.OS_Suspend) for OS_Suspend
    main.o(i.Task2) refers to os.o(i.OS_Wait) for OS_Wait
    main.o(i.Task2) refers to lcd.o(i.KIT_LCD_goto) for KIT_LCD_goto
    main.o(i.Task2) refers to lcd.o(i.KIT_LCD_print) for KIT_LCD_print
    main.o(i.Task2) refers to os.o(i.OS_Signal) for OS_Signal
    main.o(i.Task2) refers to main.o(.data) for GameRun
    main.o(i.Task2) refers to main.o(.bss) for UART_Data
    main.o(i.Task3) refers to main.o(.data) for count3
    main.o(i.Task4) refers to os.o(i.OS_Wait) for OS_Wait
    main.o(i.Task4) refers to uart.o(i.UART_OutString) for UART_OutString
    main.o(i.Task4) refers to main.o(.data) for GameRun
    main.o(i.Task5) refers to os.o(i.OS_Wait) for OS_Wait
    main.o(i.Task5) refers to peripherals.o(i.Sensor_Read) for Sensor_Read
    main.o(i.Task5) refers to os.o(i.OS_Signal) for OS_Signal
    main.o(i.Task5) refers to peripherals.o(i.Gun_Disable) for Gun_Disable
    main.o(i.Task5) refers to lcd.o(i.KIT_LCD_Clear_Screen) for KIT_LCD_Clear_Screen
    main.o(i.Task5) refers to lcd.o(i.KIT_LCD_goto) for KIT_LCD_goto
    main.o(i.Task5) refers to lcd.o(i.KIT_LCD_print) for KIT_LCD_print
    main.o(i.Task5) refers to main.o(.data) for GameRun
    main.o(i.Task6) refers to os.o(i.OS_Wait) for OS_Wait
    main.o(i.Task6) refers to lcd.o(i.KIT_LCD_goto) for KIT_LCD_goto
    main.o(i.Task6) refers to lcd.o(i.KIT_LCD_print) for KIT_LCD_print
    main.o(i.Task6) refers to os.o(i.OS_Signal) for OS_Signal
    main.o(i.Task6) refers to main.o(.data) for GameRun
    main.o(i.UART1_Handler) refers to uart.o(i.Fill_Software_FIFO) for Fill_Software_FIFO
    main.o(i.UART1_Handler) refers to os.o(i.OS_Signal) for OS_Signal
    main.o(i.UART1_Handler) refers to main.o(.data) for readback
    main.o(i.main) refers to pll.o(i.PLL_Init) for PLL_Init
    main.o(i.main) refers to os.o(i.OS_FIFO_Init) for OS_FIFO_Init
    main.o(i.main) refers to peripherals.o(i.Sensors_Init) for Sensors_Init
    main.o(i.main) refers to peripherals.o(i.Gun_Init) for Gun_Init
    main.o(i.main) refers to lcd.o(i.KIT_LCD_init) for KIT_LCD_init
    main.o(i.main) refers to uart.o(i.UART1_Init) for UART1_Init
    main.o(i.main) refers to lcd.o(i.KIT_LCD_Clear_Screen) for KIT_LCD_Clear_Screen
    main.o(i.main) refers to peripherals.o(i.Gun_Enable) for Gun_Enable
    main.o(i.main) refers to os.o(i.OS_InitSemaphore) for OS_InitSemaphore
    main.o(i.main) refers to os.o(i.OS_AddThreads) for OS_AddThreads
    main.o(i.main) refers to os.o(i.OS_PeriodTrigger0_Init) for OS_PeriodTrigger0_Init
    main.o(i.main) refers to os.o(i.OS_PeriodTrigger1_Init) for OS_PeriodTrigger1_Init
    main.o(i.main) refers to os_cfg.o(i.OS_Clock_GetFreq) for OS_Clock_GetFreq
    main.o(i.main) refers to os.o(i.OS_Launch) for OS_Launch
    main.o(i.main) refers to main.o(.data) for Mux_LCD
    main.o(i.main) refers to main.o(i.Task6) for Task6
    main.o(i.main) refers to main.o(i.Task5) for Task5
    main.o(i.main) refers to main.o(i.Task4) for Task4
    main.o(i.main) refers to main.o(i.Task3) for Task3
    main.o(i.main) refers to main.o(i.Task2) for Task2
    main.o(i.main) refers to main.o(i.Task1) for Task1
    main.o(i.main) refers to main.o(i.Task0) for Task0
    uart.o(i.Fill_Software_FIFO) refers to uart.o(i.copyHardwareToSoftware) for copyHardwareToSoftware
    uart.o(i.OutCRLF) refers to uart.o(i.UART_OutChar) for UART_OutChar
    uart.o(i.TxFifo_Get) refers to startup_tm4c123.o(.text) for StartCritical
    uart.o(i.TxFifo_Get) refers to uart.o(.data) for TxPutI
    uart.o(i.TxFifo_Get) refers to uart.o(.bss) for TxFifo
    uart.o(i.TxFifo_Init) refers to startup_tm4c123.o(.text) for StartCritical
    uart.o(i.TxFifo_Init) refers to uart.o(.data) for TxGetI
    uart.o(i.TxFifo_Put) refers to startup_tm4c123.o(.text) for StartCritical
    uart.o(i.TxFifo_Put) refers to uart.o(.data) for TxPutI
    uart.o(i.TxFifo_Put) refers to uart.o(.bss) for TxFifo
    uart.o(i.TxFifo_Size) refers to uart.o(.data) for TxPutI
    uart.o(i.UART1_Init) refers to uart.o(i.TxFifo_Init) for TxFifo_Init
    uart.o(i.UART_InChar) refers to os.o(i.OS_FIFO_Get) for OS_FIFO_Get
    uart.o(i.UART_InString) refers to uart.o(i.UART_InChar) for UART_InChar
    uart.o(i.UART_InUDec) refers to uart.o(i.UART_InChar) for UART_InChar
[...]
    libinit.o(.ARM.Collect$$libinit$$00000000) refers (Special) to libinit2.o(.ARM.Collect$$libinit$$0000002E) for __rt_lib_init_alloca_1
    libinit.o(.ARM.Collect$$libinit$$00000000) refers (Special) to libinit2.o(.ARM.Collect$$libinit$$0000002C) for __rt_lib_init_argv_1
    libinit.o(.ARM.Collect$$libinit$$00000000) refers (Special) to libinit2.o(.ARM.Collect$$libinit$$0000001B) for __rt_lib_init_atexit_1
    libinit.o(.ARM.Collect$$libinit$$00000000) refers (Special) to libinit2.o(.ARM.Collect$$libinit$$00000021) for __rt_lib_init_clock_1
    libinit.o(.ARM.Collect$$libinit$$00000000) refers (Special) to libinit2.o(.ARM.Collect$$libinit$$00000032) for __rt_lib_init_cpp_1
    libinit.o(.ARM.Collect$$libinit$$00000000) refers (Special) to libinit2.o(.ARM.Collect$$libinit$$00000030) for __rt_lib_init_exceptions_1
    libinit.o(.ARM.Collect$$libinit$$00000000) refers (Special) to libinit2.o(.ARM.Collect$$libinit$$00000001) for __rt_lib_init_fp_1
    libinit.o(.ARM.Collect$$libinit$$00000000) refers (Special) to libinit2.o(.ARM.Collect$$libinit$$0000001F) for __rt_lib_init_fp_trap_1
    libinit.o(.ARM.Collect$$libinit$$00000000) refers (Special) to libinit2.o(.ARM.Collect$$libinit$$00000023) for __rt_lib_init_getenv_1
    libinit.o(.ARM.Collect$$libinit$$00000000) refers (Special) to libinit2.o(.ARM.Collect$$libinit$$0000000A) for __rt_lib_init_heap_1
    libinit.o(.ARM.Collect$$libinit$$00000000) refers (Special) to libinit2.o(.ARM.Collect$$libinit$$00000011) for __rt_lib_init_lc_collate_1
    libinit.o(.ARM.Collect$$libinit$$00000000) refers (Special) to libinit2.o(.ARM.Collect$$libinit$$00000013) for __rt_lib_init_lc_ctype_1
    libinit.o(.ARM.Collect$$libinit$$00000000) refers (Special) to libinit2.o(.ARM.Collect$$libinit$$00000015) for __rt_lib_init_lc_monetary_1
    libinit.o(.ARM.Collect$$libinit$$00000000) refers (Special) to libinit2.o(.ARM.Collect$$libinit$$00000017) for __rt_lib_init_lc_numeric_1
    libinit.o(.ARM.Collect$$libinit$$00000000) refers (Special) to libinit2.o(.ARM.Collect$$libinit$$00000019) for __rt_lib_init_lc_time_1
    libinit.o(.ARM.Collect$$libinit$$00000000) refers (Special) to libinit2.o(.ARM.Collect$$libinit$$00000004) for __rt_lib_init_preinit_1
    libinit.o(.ARM.Collect$$libinit$$00000000) refers (Special) to libinit2.o(.ARM.Collect$$libinit$$0000000E) for __rt_lib_init_rand_1
    libinit.o(.ARM.Collect$$libinit$$00000000) refers (Special) to libinit2.o(.ARM.Collect$$libinit$$00000033) for __rt_lib_init_return
    libinit.o(.ARM.Collect$$libinit$$00000000) refers (Special) to libinit2.o(.ARM.Collect$$libinit$$0000001D) for __rt_lib_init_signal_1
    libinit.o(.ARM.Collect$$libinit$$00000000) refers (Special) to libinit2.o(.ARM.Collect$$libinit$$00000025) for __rt_lib_init_stdio_1
    libinit.o(.ARM.Collect$$libinit$$00000000) refers (Special) to libinit2.o(.ARM.Collect$$libinit$$0000000C) for __rt_lib_init_user_alloc_1
    libspace.o(.text) refers to libspace.o(.bss) for __libspace_start
    rtexit.o(.ARM.Collect$$rtexit$$00000000) refers (Special) to rtexit2.o(.ARM.Collect$$rtexit$$00000004) for __rt_exit_exit
    rtexit.o(.ARM.Collect$$rtexit$$00000000) refers (Special) to rtexit2.o(.ARM.Collect$$rtexit$$00000003) for __rt_exit_ls
    rtexit.o(.ARM.Collect$$rtexit$$00000000) refers (Special) to rtexit2.o(.ARM.Collect$$rtexit$$00000002) for __rt_exit_prels_1
    rtexit.o(.ARM.exidx) refers (Special) to rtexit2.o(.ARM.Collect$$rtexit$$00000004) for __rt_exit_exit
    rtexit.o(.ARM.exidx) refers (Special) to rtexit2.o(.ARM.Collect$$rtexit$$00000003) for __rt_exit_ls
    rtexit.o(.ARM.exidx) refers (Special) to rtexit2.o(.ARM.Collect$$rtexit$$00000002) for __rt_exit_prels_1
    rtexit.o(.ARM.exidx) refers to rtexit.o(.ARM.Collect$$rtexit$$00000000) for .ARM.Collect$$rtexit$$00000000
    libinit2.o(.ARM.Collect$$libinit$$00000001) refers to fpinit.o(x$fpl$fpinit) for _fp_init
    libinit2.o(.ARM.Collect$$libinit$$00000010) refers to libinit2.o(.ARM.Collect$$libinit$$0000000F) for .ARM.Collect$$libinit$$0000000F
    libinit2.o(.ARM.Collect$$libinit$$00000012) refers to libinit2.o(.ARM.Collect$$libinit$$0000000F) for .ARM.Collect$$libinit$$0000000F
    libinit2.o(.ARM.Collect$$libinit$$00000014) refers to libinit2.o(.ARM.Collect$$libinit$$0000000F) for .ARM.Collect$$libinit$$0000000F
    libinit2.o(.ARM.Collect$$libinit$$00000016) refers to libinit2.o(.ARM.Collect$$libinit$$0000000F) for .ARM.Collect$$libinit$$0000000F
    libinit2.o(.ARM.Collect$$libinit$$00000018) refers to libinit2.o(.ARM.Collect$$libinit$$0000000F) for .ARM.Collect$$libinit$$0000000F
    libinit2.o(.ARM.Collect$$libinit$$00000026) refers to argv_veneer.o(.emb_text) for __ARM_argv_veneer
    libinit2.o(.ARM.Collect$$libinit$$00000027) refers to argv_veneer.o(.emb_text) for __ARM_argv_veneer
    rtexit2.o(.ARM.Collect$$rtexit$$00000003) refers to libshutdown.o(.ARM.Collect$$libshutdown$$00000000) for __rt_lib_shutdown
    rtexit2.o(.ARM.Collect$$rtexit$$00000004) refers to sys_exit.o(.text) for _sys_exit
    rtexit2.o(.ARM.exidx) refers to rtexit2.o(.ARM.Collect$$rtexit$$00000001) for .ARM.Collect$$rtexit$$00000001
    rtexit2.o(.ARM.exidx) refers to rtexit2.o(.ARM.Collect$$rtexit$$00000003) for .ARM.Collect$$rtexit$$00000003
    rtexit2.o(.ARM.exidx) refers to rtexit2.o(.ARM.Collect$$rtexit$$00000004) for .ARM.Collect$$rtexit$$00000004
    argv_veneer.o(.emb_text) refers to no_argv.o(.text) for __ARM_get_argv
    sys_exit.o(.text) refers (Special) to use_no_semi.o(.text) for __I$use$semihosting
    sys_exit.o(.text) refers (Special) to indicate_semi.o(.text) for __semihosting_library_function
    _get_argv_nomalloc.o(.text) refers (Special) to hrguard.o(.text) for __heap_region$guard
    _get_argv_nomalloc.o(.text) refers to defsig_rtmem_outer.o(.text) for __rt_SIGRTMEM
    _get_argv_nomalloc.o(.text) refers to sys_command.o(.text) for _sys_command_string
    libshutdown.o(.ARM.Collect$$libshutdown$$00000000) refers (Special) to libshutdown2.o(.ARM.Collect$$libshutdown$$00000002) for __rt_lib_shutdown_cpp_1
    libshutdown.o(.ARM.Collect$$libshutdown$$00000000) refers (Special) to libshutdown2.o(.ARM.Collect$$libshutdown$$00000007) for __rt_lib_shutdown_fp_trap_1
    libshutdown.o(.ARM.Collect$$libshutdown$$00000000) refers (Special) to libshutdown2.o(.ARM.Collect$$libshutdown$$0000000F) for __rt_lib_shutdown_heap_1
    libshutdown.o(.ARM.Collect$$libshutdown$$00000000) refers (Special) to libshutdown2.o(.ARM.Collect$$libshutdown$$00000010) for __rt_lib_shutdown_return
    libshutdown.o(.ARM.Collect$$libshutdown$$00000000) refers (Special) to libshutdown2.o(.ARM.Collect$$libshutdown$$0000000A) for __rt_lib_shutdown_signal_1
    libshutdown.o(.ARM.Collect$$libshutdown$$00000000) refers (Special) to libshutdown2.o(.ARM.Collect$$libshutdown$$00000004) for __rt_lib_shutdown_stdio_1
    libshutdown.o(.ARM.Collect$$libshutdown$$00000000) refers (Special) to libshutdown2.o(.ARM.Collect$$libshutdown$$0000000C) for __rt_lib_shutdown_user_alloc_1
    sys_command.o(.text) refers (Special) to use_no_semi.o(.text) for __I$use$semihosting
    sys_command.o(.text) refers (Special) to indicate_semi.o(.text) for __semihosting_library_function
    defsig_rtmem_outer.o(.text) refers to defsig_rtmem_inner.o(.text) for __rt_SIGRTMEM_inner
    defsig_rtmem_outer.o(.text) refers to defsig_exit.o(.text) for __sig_exit
    defsig_rtmem_formal.o(.text) refers to rt_raise.o(.text) for __rt_raise
    rt_raise.o(.text) refers to __raise.o(.text) for __raise
    rt_raise.o(.text) refers to sys_exit.o(.text) for _sys_exit
    defsig_exit.o(.text) refers to sys_exit.o(.text) for _sys_exit
    defsig_rtmem_inner.o(.text) refers to defsig_general.o(.text) for __default_signal_display
    __raise.o(.text) refers to defsig.o(CL$$defsig) for __default_signal_handler
    defsig_general.o(.text) refers to sys_wrch.o(.text) for _ttywrch
    sys_wrch.o(.text) refers (Special) to use_no_semi.o(.text) for __I$use$semihosting
    sys_wrch.o(.text) refers (Special) to indicate_semi.o(.text) for __semihosting_library_function
    defsig.o(CL$$defsig) refers to defsig_rtmem_inner.o(.text) for __rt_SIGRTMEM_inner
    defsig_abrt_inner.o(.text) refers to defsig_general.o(.text) for __default_signal_display
    defsig_fpe_inner.o(.text) refers to defsig_general.o(.text) for __default_signal_display
    defsig_rtred_inner.o(.text) refers to defsig_general.o(.text) for __default_signal_display
    defsig_stak_inner.o(.text) refers to defsig_general.o(.text) for __default_signal_display
    defsig_pvfn_inner.o(.text) refers to defsig_general.o(.text) for __default_signal_display
    defsig_cppl_inner.o(.text) refers to defsig_general.o(.text) for __default_signal_display
    defsig_segv_inner.o(.text) refers to defsig_general.o(.text) for __default_signal_display
    defsig_other.o(.text) refers to defsig_general.o(.text) for __default_signal_display


==============================================================================

Removing Unused input sections from the image.

    Removing uart.o(i.OutCRLF), (16 bytes).
    Removing uart.o(i.UART_InUDec), (76 bytes).
    Removing uart.o(i.UART_InUHex), (108 bytes).
    Removing uart.o(i.UART_OutUDec), (42 bytes).
    Removing uart.o(i.UART_OutUHex), (52 bytes).
    Removing os.o(i.GPIOPortD_Handler), (48 bytes).
    Removing os.o(i.OS_EdgeTrigger_Init), (220 bytes).
    Removing os.o(i.OS_EdgeTrigger_Restart), (28 bytes).
    Removing os.o(i.OS_Init), (44 bytes).
    Removing os.o(i.OS_Sleep), (28 bytes).
    Removing os.o(i.runperiodicevents), (56 bytes).
    Removing os_cfg.o(i.OS_Clock_InitFastest), (140 bytes).
    Removing os_cfg.o(i.OS_PeriodicTask_Init), (192 bytes).
    Removing os_cfg.o(i.OS_PeriodicTask_Restart), (24 bytes).
    Removing os_cfg.o(i.OS_PeriodicTask_Stop), (24 bytes).
    Removing os_cfg.o(i.OS_PeriodicTask_StopB), (24 bytes).
    Removing os_cfg.o(i.OS_PeriodicTask_StopC), (24 bytes).
    Removing os_cfg.o(i.OS_Time_Get), (16 bytes).
    Removing os_cfg.o(i.OS_Time_Init), (108 bytes).
    Removing lcd.o(i.KIT_LCD_HextoASCII), (72 bytes).
    Removing lcd.o(i.KIT_LCD_print_ByLength), (26 bytes).
    Removing lcd.o(i.KIT_LCD_print_NUM), (58 bytes).
    Removing lcd.o(i.KIT_uploadCustomChar), (42 bytes).
    Removing lcd.o(i.itoa_Convert), (108 bytes).
    Removing dio_initpins.o(i.KIT_DIO_CheckPin), (244 bytes).
    Removing dio_initpins.o(i.KIT_DIO_ClearPort), (168 bytes).
    Removing dio_initpins.o(i.KIT_DIO_SetPort), (168 bytes).
    Removing dio_initpins.o(i.KIT_DIO_TogglePin), (356 bytes).
    Removing system_tm4c123.o(.rev16_text), (4 bytes).
    Removing system_tm4c123.o(.revsh_text), (4 bytes).
    Removing system_tm4c123.o(.rrx_text), (6 bytes).
    Removing system_tm4c123.o(i.SystemCoreClockUpdate), (196 bytes).
    Removing system_tm4c123.o(i.getOscClk), (244 bytes).
    Removing system_tm4c123.o(.data), (4 bytes).
    Removing gpio.o(i.GPIOADCTriggerDisable), (14 bytes).
    Removing gpio.o(i.GPIOADCTriggerEnable), (14 bytes).
    Removing gpio.o(i.GPIODMATriggerDisable), (14 bytes).
    Removing gpio.o(i.GPIODMATriggerEnable), (14 bytes).
    Removing gpio.o(i.GPIODirModeGet), (34 bytes).
    Removing gpio.o(i.GPIOIntClear), (6 bytes).
    Removing gpio.o(i.GPIOIntDisable), (14 bytes).
    Removing gpio.o(i.GPIOIntEnable), (14 bytes).
    Removing gpio.o(i.GPIOIntRegister), (88 bytes).
    Removing gpio.o(i.GPIOIntStatus), (14 bytes).
    Removing gpio.o(i.GPIOIntTypeGet), (68 bytes).
    Removing gpio.o(i.GPIOIntTypeSet), (80 bytes).
    Removing gpio.o(i.GPIOIntUnregister), (88 bytes).
    Removing gpio.o(i.GPIOPadConfigGet), (204 bytes).
    Removing gpio.o(i.GPIOPinConfigure), (72 bytes).
    Removing gpio.o(i.GPIOPinRead), (6 bytes).
    Removing gpio.o(i.GPIOPinTypeADC), (28 bytes).
    Removing gpio.o(i.GPIOPinTypeCAN), (28 bytes).
    Removing gpio.o(i.GPIOPinTypeCIR), (28 bytes).
    Removing gpio.o(i.GPIOPinTypeComparator), (28 bytes).
    Removing gpio.o(i.GPIOPinTypeEPI), (28 bytes).
    Removing gpio.o(i.GPIOPinTypeEthernetLED), (28 bytes).
    Removing gpio.o(i.GPIOPinTypeEthernetMII), (28 bytes).
    Removing gpio.o(i.GPIOPinTypeGPIOOutputOD), (28 bytes).
    Removing gpio.o(i.GPIOPinTypeI2C), (28 bytes).
    Removing gpio.o(i.GPIOPinTypeI2CSCL), (28 bytes).
    Removing gpio.o(i.GPIOPinTypeKBColumn), (28 bytes).
    Removing gpio.o(i.GPIOPinTypeKBRow), (28 bytes).
    Removing gpio.o(i.GPIOPinTypeLCD), (28 bytes).
    Removing gpio.o(i.GPIOPinTypeLEDSeq), (28 bytes).
    Removing gpio.o(i.GPIOPinTypeLPC), (28 bytes).
    Removing gpio.o(i.GPIOPinTypePECIRx), (28 bytes).
    Removing gpio.o(i.GPIOPinTypePECITx), (28 bytes).
    Removing gpio.o(i.GPIOPinTypePWM), (28 bytes).
    Removing gpio.o(i.GPIOPinTypeQEI), (28 bytes).
    Removing gpio.o(i.GPIOPinTypeSSI), (28 bytes).
    Removing gpio.o(i.GPIOPinTypeTimer), (28 bytes).
    Removing gpio.o(i.GPIOPinTypeUART), (28 bytes).
    Removing gpio.o(i.GPIOPinTypeUSBAnalog), (28 bytes).
    Removing gpio.o(i.GPIOPinTypeUSBDigital), (28 bytes).
    Removing gpio.o(i.GPIOPinTypeWakeHigh), (30 bytes).
    Removing gpio.o(i.GPIOPinTypeWakeLow), (30 bytes).
    Removing gpio.o(i.GPIOPinWakeStatus), (6 bytes).
    Removing gpio.o(.constdata), (528 bytes).
    Removing sysctl.o(.emb_text), (6 bytes).
    Removing sysctl.o(i.SysCtlAltClkConfig), (12 bytes).
    Removing sysctl.o(i.SysCtlClockFreqSet), (712 bytes).
    Removing sysctl.o(i.SysCtlClockGet), (356 bytes).
    Removing sysctl.o(i.SysCtlClockOutConfig), (16 bytes).
    Removing sysctl.o(i.SysCtlClockSet), (288 bytes).
    Removing sysctl.o(i.SysCtlDeepSleep), (32 bytes).
    Removing sysctl.o(i.SysCtlDeepSleepClockConfigSet), (112 bytes).
    Removing sysctl.o(i.SysCtlDeepSleepClockSet), (12 bytes).
    Removing sysctl.o(i.SysCtlDeepSleepPowerSet), (12 bytes).
    Removing sysctl.o(i.SysCtlFlashSectorSizeGet), (56 bytes).
    Removing sysctl.o(i.SysCtlFlashSizeGet), (56 bytes).
    Removing sysctl.o(i.SysCtlGPIOAHBDisable), (28 bytes).
    Removing sysctl.o(i.SysCtlGPIOAHBEnable), (24 bytes).
    Removing sysctl.o(i.SysCtlIntClear), (12 bytes).
    Removing sysctl.o(i.SysCtlIntDisable), (16 bytes).
    Removing sysctl.o(i.SysCtlIntEnable), (16 bytes).
    Removing sysctl.o(i.SysCtlIntRegister), (20 bytes).
    Removing sysctl.o(i.SysCtlIntStatus), (16 bytes).
    Removing sysctl.o(i.SysCtlIntUnregister), (18 bytes).
    Removing sysctl.o(i.SysCtlLDODeepSleepGet), (12 bytes).
    Removing sysctl.o(i.SysCtlLDODeepSleepSet), (12 bytes).
    Removing sysctl.o(i.SysCtlLDOSleepGet), (12 bytes).
    Removing sysctl.o(i.SysCtlLDOSleepSet), (12 bytes).
    Removing sysctl.o(i.SysCtlMOSCConfigSet), (12 bytes).
    Removing sysctl.o(i.SysCtlNMIClear), (16 bytes).
    Removing sysctl.o(i.SysCtlNMIStatus), (12 bytes).
    Removing sysctl.o(i.SysCtlPIOSCCalibrate), (76 bytes).
    Removing sysctl.o(i.SysCtlPWMClockGet), (24 bytes).
    Removing sysctl.o(i.SysCtlPWMClockSet), (20 bytes).
    Removing sysctl.o(i.SysCtlPeripheralClockGating), (68 bytes).
    Removing sysctl.o(i.SysCtlPeripheralDeepSleepDisable), (40 bytes).
    Removing sysctl.o(i.SysCtlPeripheralDeepSleepEnable), (40 bytes).
    Removing sysctl.o(i.SysCtlPeripheralDisable), (40 bytes).
    Removing sysctl.o(i.SysCtlPeripheralPowerOff), (40 bytes).
    Removing sysctl.o(i.SysCtlPeripheralPowerOn), (40 bytes).
    Removing sysctl.o(i.SysCtlPeripheralPresent), (44 bytes).
    Removing sysctl.o(i.SysCtlPeripheralReady), (44 bytes).
    Removing sysctl.o(i.SysCtlPeripheralReset), (60 bytes).
    Removing sysctl.o(i.SysCtlPeripheralSleepDisable), (40 bytes).
    Removing sysctl.o(i.SysCtlPeripheralSleepEnable), (40 bytes).
    Removing sysctl.o(i.SysCtlReset), (16 bytes).
    Removing sysctl.o(i.SysCtlResetBehaviorGet), (12 bytes).
    Removing sysctl.o(i.SysCtlResetBehaviorSet), (12 bytes).
    Removing sysctl.o(i.SysCtlResetCauseClear), (16 bytes).
    Removing sysctl.o(i.SysCtlResetCauseGet), (12 bytes).
    Removing sysctl.o(i.SysCtlSRAMSizeGet), (16 bytes).
    Removing sysctl.o(i.SysCtlSleep), (4 bytes).
    Removing sysctl.o(i.SysCtlSleepPowerSet), (12 bytes).
    Removing sysctl.o(i.SysCtlUSBPLLDisable), (16 bytes).
    Removing sysctl.o(i.SysCtlUSBPLLEnable), (16 bytes).
    Removing sysctl.o(i.SysCtlVoltageEventClear), (16 bytes).
    Removing sysctl.o(i.SysCtlVoltageEventConfig), (12 bytes).
    Removing sysctl.o(i.SysCtlVoltageEventStatus), (12 bytes).
    Removing sysctl.o(.constdata), (452 bytes).
    Removing cpu.o(.emb_text), (38 bytes).
    Removing interrupt.o(i.IntDisable), (100 bytes).
    Removing interrupt.o(i.IntEnable), (100 bytes).
    Removing interrupt.o(i.IntIsEnabled), (96 bytes).
    Removing interrupt.o(i.IntMasterDisable), (14 bytes).
    Removing interrupt.o(i.IntMasterEnable), (14 bytes).
    Removing interrupt.o(i.IntPendClear), (68 bytes).
    Removing interrupt.o(i.IntPendSet), (84 bytes).
    Removing interrupt.o(i.IntPriorityGet), (28 bytes).
    Removing interrupt.o(i.IntPriorityGroupingGet), (36 bytes).
    Removing interrupt.o(i.IntPriorityGroupingSet), (28 bytes).
    Removing interrupt.o(i.IntPriorityMaskGet), (4 bytes).
    Removing interrupt.o(i.IntPriorityMaskSet), (4 bytes).
    Removing interrupt.o(i.IntPrioritySet), (40 bytes).
    Removing interrupt.o(i.IntRegister), (52 bytes).
    Removing interrupt.o(i.IntTrigger), (12 bytes).
    Removing interrupt.o(i.IntUnregister), (20 bytes).
    Removing interrupt.o(i._IntDefaultHandler), (2 bytes).
    Removing interrupt.o(.constdata), (268 bytes).
    Removing interrupt.o(vtable), (620 bytes).

153 unused section(s) (total 9756 bytes) removed from the image.

==============================================================================

Image Symbol Table

    Local Symbols

    Symbol Name                              Value     Ov Type        Size  Object(Section)

    RESET                                    0x00000000   Section      620  startup_tm4c123.o(RESET)
    ../clib/angel/boardlib.s                 0x00000000   Number         0  boardinit1.o ABSOLUTE
    ../clib/angel/boardlib.s                 0x00000000   Number         0  boardinit2.o ABSOLUTE
    ../clib/angel/boardlib.s                 0x00000000   Number         0  boardinit3.o ABSOLUTE
    ../clib/angel/boardlib.s                 0x00000000   Number         0  boardshut.o ABSOLUTE
    ../clib/angel/handlers.s                 0x00000000   Number         0  __scatter_copy.o ABSOLUTE
    ../clib/angel/handlers.s                 0x00000000   Number         0  __scatter_zi.o ABSOLUTE
    ../clib/angel/kernel.s                   0x00000000   Number         0  __rtentry4.o ABSOLUTE
    ../clib/angel/kernel.s                   0x00000000   Number         0  __rtentry2.o ABSOLUTE
    ../clib/angel/kernel.s                   0x00000000   Number         0  __rtentry.o ABSOLUTE
    ../clib/angel/kernel.s                   0x00000000   Number         0  rtexit.o ABSOLUTE
    ../clib/angel/kernel.s                   0x00000000   Number         0  rtexit2.o ABSOLUTE
    ../clib/angel/rt.s                       0x00000000   Number         0  rt_raise.o ABSOLUTE
    ../clib/angel/scatter.s                  0x00000000   Number         0  __scatter.o ABSOLUTE
    ../clib/angel/startup.s                  0x00000000   Number         0  __main.o ABSOLUTE
    ../clib/angel/sys.s                      0x00000000   Number         0  use_no_semi.o ABSOLUTE
    ../clib/angel/sys.s                      0x00000000   Number         0  sys_stackheap_outer.o ABSOLUTE
    ../clib/angel/sys.s                      0x00000000   Number         0  indicate_semi.o ABSOLUTE
    ../clib/angel/sys.s                      0x00000000   Number         0  libspace.o ABSOLUTE
    ../clib/angel/sysapp.c                   0x00000000   Number         0  sys_wrch.o ABSOLUTE
    ../clib/angel/sysapp.c                   0x00000000   Number         0  sys_exit.o ABSOLUTE
    ../clib/angel/sysapp.c                   0x00000000   Number         0  sys_command.o ABSOLUTE
    ../clib/armsys.c                         0x00000000   Number         0  argv_veneer.o ABSOLUTE
    ../clib/armsys.c                         0x00000000   Number         0  argv_veneer.o ABSOLUTE
    ../clib/armsys.c                         0x00000000   Number         0  _get_argv_nomalloc.o ABSOLUTE
    ../clib/armsys.c                         0x00000000   Number         0  no_argv.o ABSOLUTE
    ../clib/heapalloc.c                      0x00000000   Number         0  hrguard.o ABSOLUTE
    ../clib/heapaux.c                        0x00000000   Number         0  heapauxi.o ABSOLUTE
    ../clib/libinit.s                        0x00000000   Number         0  libinit.o ABSOLUTE
    ../clib/libinit.s                        0x00000000   Number         0  libinit2.o ABSOLUTE
    ../clib/libinit.s                        0x00000000   Number         0  libshutdown2.o ABSOLUTE
    ../clib/libinit.s                        0x00000000   Number         0  libshutdown.o ABSOLUTE
    ../clib/signal.c                         0x00000000   Number         0  defsig_segv_inner.o ABSOLUTE
    ../clib/signal.c                         0x00000000   Number         0  defsig_exit.o ABSOLUTE
    ../clib/signal.c                         0x00000000   Number         0  defsig_rtmem_inner.o ABSOLUTE
    ../clib/signal.c                         0x00000000   Number         0  __raise.o ABSOLUTE
    ../clib/signal.c                         0x00000000   Number         0  defsig_abrt_inner.o ABSOLUTE
    ../clib/signal.c                         0x00000000   Number         0  defsig_general.o ABSOLUTE
    ../clib/signal.c                         0x00000000   Number         0  defsig_pvfn_inner.o ABSOLUTE
    ../clib/signal.c                         0x00000000   Number         0  defsig_stak_inner.o ABSOLUTE
    ../clib/signal.c                         0x00000000   Number         0  defsig_rtred_inner.o ABSOLUTE
    ../clib/signal.c                         0x00000000   Number         0  defsig_other.o ABSOLUTE
    ../clib/signal.c                         0x00000000   Number         0  defsig_fpe_inner.o ABSOLUTE
    ../clib/signal.c                         0x00000000   Number         0  defsig_cppl_inner.o ABSOLUTE
    ../clib/signal.c                         0x00000000   Number         0  defsig_rtmem_outer.o ABSOLUTE
    ../clib/signal.c                         0x00000000   Number         0  defsig_rtmem_formal.o ABSOLUTE
    ../clib/signal.s                         0x00000000   Number         0  defsig.o ABSOLUTE
    ../clib/stdlib.c                         0x00000000   Number         0  exit.o ABSOLUTE
    ../fplib/fpinit.s                        0x00000000   Number         0  fpinit.o ABSOLUTE
    ..\Kit\DIO_InitPins.c                    0x00000000   Number         0  dio_initpins.o ABSOLUTE
    ..\Kit\Delay.c                           0x00000000   Number         0  delay.o ABSOLUTE
    ..\Kit\LCD.c                             0x00000000   Number         0  lcd.o ABSOLUTE
    ..\Kit\os.c                              0x00000000   Number         0  os.o ABSOLUTE
    ..\Kit\os_cfg.c                          0x00000000   Number         0  os_cfg.o ABSOLUTE
    ..\Kit\osasm.s                           0x00000000   Number         0  osasm.o ABSOLUTE
    PLL.c                                    0x00000000   Number         0  pll.o ABSOLUTE
    Peripherals.c                            0x00000000   Number         0  peripherals.o ABSOLUTE
    RTE\Device\TM4C123GH6PM\startup_TM4C123.s 0x00000000   Number         0  startup_tm4c123.o ABSOLUTE
    RTE\Device\TM4C123GH6PM\system_TM4C123.c 0x00000000   Number         0  system_tm4c123.o ABSOLUTE
    RTE\\Device\\TM4C123GH6PM\\system_TM4C123.c 0x00000000   Number         0  system_tm4c123.o ABSOLUTE
    UART.c                                   0x00000000   Number         0  uart.o ABSOLUTE
    cpu.c                                    0x00000000   Number         0  cpu.o ABSOLUTE
    cpu.c                                    0x00000000   Number         0  cpu.o ABSOLUTE
    dc.s                                     0x00000000   Number         0  dc.o ABSOLUTE
    gpio.c                                   0x00000000   Number         0  gpio.o ABSOLUTE
    interrupt.c                              0x00000000   Number         0  interrupt.o ABSOLUTE
    main.c                                   0x00000000   Number         0  main.o ABSOLUTE
    sysctl.c                                 0x00000000   Number         0  sysctl.o ABSOLUTE
    sysctl.c                                 0x00000000   Number         0  sysctl.o ABSOLUTE
    !!!main                                  0x0000026c   Section        8  __main.o(!!!main)
    !!!scatter                               0x00000274   Section       52  __scatter.o(!!!scatter)
    !!handler_copy                           0x000002a8   Section       26  __scatter_copy.o(!!handler_copy)
    !!handler_zi                             0x000002c4   Section       28  __scatter_zi.o(!!handler_zi)
    .ARM.Collect$$libinit$$00000000          0x000002e0   Section        2  libinit.o(.ARM.Collect$$libinit$$00000000)
    .ARM.Collect$$libinit$$00000001          0x000002e2   Section        4  libinit2.o(.ARM.Collect$$libinit$$00000001)
    .ARM.Collect$$libinit$$00000004          0x000002e6   Section        0  libinit2.o(.ARM.Collect$$libinit$$00000004)
    .ARM.Collect$$libinit$$0000000A          0x000002e6   Section        0  libinit2.o(.ARM.Collect$$libinit$$0000000A)
    .ARM.Collect$$libinit$$0000000C          0x000002e6   Section        0  libinit2.o(.ARM.Collect$$libinit$$0000000C)
    .ARM.Collect$$libinit$$0000000E          0x000002e6   Section        0  libinit2.o(.ARM.Collect$$libinit$$0000000E)
    .ARM.Collect$$libinit$$00000011          0x000002e6   Section        0  libinit2.o(.ARM.Collect$$libinit$$00000011)
    .ARM.Collect$$libinit$$00000013          0x000002e6   Section        0  libinit2.o(.ARM.Collect$$libinit$$00000013)
    .ARM.Collect$$libinit$$00000015          0x000002e6   Section        0  libinit2.o(.ARM.Collect$$libinit$$00000015)
    .ARM.Collect$$libinit$$00000017          0x000002e6   Section        0  libinit2.o(.ARM.Collect$$libinit$$00000017)
    .ARM.Collect$$libinit$$00000019          0x000002e6   Section        0  libinit2.o(.ARM.Collect$$libinit$$00000019)
    .ARM.Collect$$libinit$$0000001B          0x000002e6   Section        0  libinit2.o(.ARM.Collect$$libinit$$0000001B)
    .ARM.Collect$$libinit$$0000001D          0x000002e6   Section        0  libinit2.o(.ARM.Collect$$libinit$$0000001D)
    .ARM.Collect$$libinit$$0000001F          0x000002e6   Section        0  libinit2.o(.ARM.Collect$$libinit$$0000001F)
    .ARM.Collect$$libinit$$00000021          0x000002e6   Section        0  libinit2.o(.ARM.Collect$$libinit$$00000021)
    .ARM.Collect$$libinit$$00000023          0x000002e6   Section        0  libinit2.o(.ARM.Collect$$libinit$$00000023)
    .ARM.Collect$$libinit$$00000025          0x000002e6   Section        0  libinit2.o(.ARM.Collect$$libinit$$00000025)
    .ARM.Collect$$libinit$$0000002C          0x000002e6   Section        0  libinit2.o(.ARM.Collect$$libinit$$0000002C)
    .ARM.Collect$$libinit$$0000002E          0x000002e6   Section        0  libinit2.o(.ARM.Collect$$libinit$$0000002E)
    .ARM.Collect$$libinit$$00000030          0x000002e6   Section        0  libinit2.o(.ARM.Collect$$libinit$$00000030)
    .ARM.Collect$$libinit$$00000032          0x000002e6   Section        0  libinit2.o(.ARM.Collect$$libinit$$00000032)
    .ARM.Collect$$libinit$$00000033          0x000002e6   Section        2  libinit2.o(.ARM.Collect$$libinit$$00000033)
    .ARM.Collect$$libshutdown$$00000000      0x000002e8   Section        2  libshutdown.o(.ARM.Collect$$libshutdown$$00000000)
    .ARM.Collect$$libshutdown$$00000002      0x000002ea   Section        0  libshutdown2.o(.ARM.Collect$$libshutdown$$00000002)
    .ARM.Collect$$libshutdown$$00000004      0x000002ea   Section        0  libshutdown2.o(.ARM.Collect$$libshutdown$$00000004)
    .ARM.Collect$$libshutdown$$00000007      0x000002ea   Section        0  libshutdown2.o(.ARM.Collect$$libshutdown$$00000007)
    .ARM.Collect$$libshutdown$$0000000A      0x000002ea   Section        0  libshutdown2.o(.ARM.Collect$$libshutdown$$0000000A)
    .ARM.Collect$$libshutdown$$0000000C      0x000002ea   Section        0  libshutdown2.o(.ARM.Collect$$libshutdown$$0000000C)
    .ARM.Collect$$libshutdown$$0000000F      0x000002ea   Section        0  libshutdown2.o(.ARM.Collect$$libshutdown$$0000000F)
    .ARM.Collect$$libshutdown$$00000010      0x000002ea   Section        2  libshutdown2.o(.ARM.Collect$$libshutdown$$00000010)
    .ARM.Collect$$rtentry$$00000000          0x000002ec   Section        0  __rtentry.o(.ARM.Collect$$rtentry$$00000000)
    .ARM.Collect$$rtentry$$00000002          0x000002ec   Section        0  __rtentry2.o(.ARM.Collect$$rtentry$$00000002)
    .ARM.Collect$$rtentry$$00000004          0x000002ec   Section        6  __rtentry4.o(.ARM.Collect$$rtentry$$00000004)
    .ARM.Collect$$rtentry$$00000009          0x000002f2   Section        0  __rtentry2.o(.ARM.Collect$$rtentry$$00000009)
    .ARM.Collect$$rtentry$$0000000A          0x000002f2   Section        4  __rtentry2.o(.ARM.Collect$$rtentry$$0000000A)
    .ARM.Collect$$rtentry$$0000000C          0x000002f6   Section        0  __rtentry2.o(.ARM.Collect$$rtentry$$0000000C)
    .ARM.Collect$$rtentry$$0000000D          0x000002f6   Section        8  __rtentry2.o(.ARM.Collect$$rtentry$$0000000D)
    .ARM.Collect$$rtexit$$00000000           0x000002fe   Section        2  rtexit.o(.ARM.Collect$$rtexit$$00000000)
    .ARM.Collect$$rtexit$$00000002           0x00000300   Section        0  rtexit2.o(.ARM.Collect$$rtexit$$00000002)
    .ARM.Collect$$rtexit$$00000003           0x00000300   Section        4  rtexit2.o(.ARM.Collect$$rtexit$$00000003)
    .ARM.Collect$$rtexit$$00000004           0x00000304   Section        6  rtexit2.o(.ARM.Collect$$rtexit$$00000004)
    .text                                    0x0000030c   Section       72  osasm.o(.text)
    $v0                                      0x0000030c   Number         0  osasm.o(.text)
    .text                                    0x00000354   Section      300  startup_tm4c123.o(.text)
    $v0                                      0x00000354   Number         0  startup_tm4c123.o(.text)
    .text                                    0x00000480   Section        0  heapauxi.o(.text)
    .text                                    0x00000486   Section       74  sys_stackheap_outer.o(.text)
    .text                                    0x000004d0   Section        0  exit.o(.text)
    .text                                    0x000004e4   Section        8  libspace.o(.text)
    .text                                    0x000004ec   Section        0  sys_exit.o(.text)
    .text                                    0x000004f8   Section        2  use_no_semi.o(.text)
    .text                                    0x000004fa   Section        0  indicate_semi.o(.text)
    i.Delay1ms                               0x000004fa   Section        0  delay.o(i.Delay1ms)
    i.Delay1us                               0x00000510   Section        0  delay.o(i.Delay1us)
    i.Fill_Software_FIFO                     0x00000524   Section        0  uart.o(i.Fill_Software_FIFO)
    i.GPIODirModeSet                         0x0000052c   Section        0  gpio.o(i.GPIODirModeSet)
    i.GPIOPadConfigSet                       0x00000554   Section        0  gpio.o(i.GPIOPadConfigSet)
    i.GPIOPinTypeGPIOInput                   0x0000068e   Section        0  gpio.o(i.GPIOPinTypeGPIOInput)
    i.GPIOPinTypeGPIOOutput                  0x000006aa   Section        0  gpio.o(i.GPIOPinTypeGPIOOutput)
    i.GPIOPinWrite                           0x000006c6   Section        0  gpio.o(i.GPIOPinWrite)
    i.Gun_Disable                            0x000006cc   Section        0  peripherals.o(i.Gun_Disable)
    i.Gun_Enable                             0x000006e4   Section        0  peripherals.o(i.Gun_Enable)
    i.Gun_Init                               0x000006fc   Section        0  peripherals.o(i.Gun_Init)
    i.KIT_DIO_ClearPin                       0x0000076c   Section        0  dio_initpins.o(i.KIT_DIO_ClearPin)
    i.KIT_DIO_InitPin                        0x00000838   Section        0  dio_initpins.o(i.KIT_DIO_InitPin)
    i.KIT_DIO_SetPin                         0x000009ec   Section        0  dio_initpins.o(i.KIT_DIO_SetPin)
    i.KIT_LCD_Clear_Screen                   0x00000ad0   Section        0  lcd.o(i.KIT_LCD_Clear_Screen)
    i.KIT_LCD_goto                           0x00000ae8   Section        0  lcd.o(i.KIT_LCD_goto)
    i.KIT_LCD_init                           0x00000b14   Section        0  lcd.o(i.KIT_LCD_init)
    i.KIT_LCD_print                          0x00000b88   Section        0  lcd.o(i.KIT_LCD_print)
    i.KIT_LCD_send_command                   0x00000ba2   Section        0  lcd.o(i.KIT_LCD_send_command)
    i.KIT_LCD_send_data                      0x00000c94   Section        0  lcd.o(i.KIT_LCD_send_data)
    i.OS_AddThreads                          0x00000d84   Section        0  os.o(i.OS_AddThreads)
    i.OS_Clock_GetFreq                       0x00000e88   Section        0  os_cfg.o(i.OS_Clock_GetFreq)
    i.OS_FIFO_Get                            0x00000e94   Section        0  os.o(i.OS_FIFO_Get)
    i.OS_FIFO_Init                           0x00000ebc   Section        0  os.o(i.OS_FIFO_Init)
    i.OS_FIFO_Put                            0x00000ee8   Section        0  os.o(i.OS_FIFO_Put)
    i.OS_InitSemaphore                       0x00000f34   Section        0  os.o(i.OS_InitSemaphore)
    i.OS_Launch                              0x00000f48   Section        0  os.o(i.OS_Launch)
    i.OS_PeriodTrigger0_Init                 0x00000f7c   Section        0  os.o(i.OS_PeriodTrigger0_Init)
    i.OS_PeriodTrigger1_Init                 0x00000fa4   Section        0  os.o(i.OS_PeriodTrigger1_Init)
    i.OS_PeriodicTask_InitB                  0x00000fcc   Section        0  os_cfg.o(i.OS_PeriodicTask_InitB)
    i.OS_PeriodicTask_InitC                  0x00001088   Section        0  os_cfg.o(i.OS_PeriodicTask_InitC)
    i.OS_Signal                              0x00001144   Section        0  os.o(i.OS_Signal)
    i.OS_Suspend                             0x00001178   Section        0  os.o(i.OS_Suspend)
    i.OS_Wait                                0x00001190   Section        0  os.o(i.OS_Wait)
    i.PLL_Init                               0x000011bc   Section        0  pll.o(i.PLL_Init)
    i.RealTimeEvents                         0x00001238   Section        0  os.o(i.RealTimeEvents)
    i.Scheduler                              0x000012a4   Section        0  os.o(i.Scheduler)
    i.Sensor_Read                            0x000012d4   Section        0  peripherals.o(i.Sensor_Read)
    i.Sensors_Init                           0x00001384   Section        0  peripherals.o(i.Sensors_Init)
    i.SetInitialStack                        0x000013ec   Section        0  os.o(i.SetInitialStack)
    i.SysCtlPeripheralEnable                 0x0000153c   Section        0  sysctl.o(i.SysCtlPeripheralEnable)
    i.SystemInit                             0x00001564   Section        0  system_tm4c123.o(i.SystemInit)
    i.Task0                                  0x00001578   Section        0  main.o(i.Task0)
    i.Task1                                  0x000015f8   Section        0  main.o(i.Task1)
    i.Task2                                  0x00001600   Section        0  main.o(i.Task2)
    i.Task3                                  0x0000165c   Section        0  main.o(i.Task3)
    i.Task4                                  0x00001670   Section        0  main.o(i.Task4)
    i.Task5                                  0x0000171c   Section        0  main.o(i.Task5)
    i.Task6                                  0x00001800   Section        0  main.o(i.Task6)
    i.TxFifo_Get                             0x000018b8   Section        0  uart.o(i.TxFifo_Get)
    i.TxFifo_Init                            0x00001900   Section        0  uart.o(i.TxFifo_Init)
    i.TxFifo_Put                             0x00001924   Section        0  uart.o(i.TxFifo_Put)
    i.TxFifo_Size                            0x00001970   Section        0  uart.o(i.TxFifo_Size)
    i.UART1_Handler                          0x00001988   Section        0  main.o(i.UART1_Handler)
    i.UART1_Init                             0x000019ec   Section        0  uart.o(i.UART1_Init)
    i.UART_InChar                            0x00001ab4   Section        0  uart.o(i.UART_InChar)
    i.UART_InString                          0x00001abc   Section        0  uart.o(i.UART_InString)
    i.UART_OutChar                           0x00001af8   Section        0  uart.o(i.UART_OutChar)
    i.UART_OutString                         0x00001b2c   Section        0  uart.o(i.UART_OutString)
    i.WTIMER3A_Handler                       0x00001b44   Section        0  os_cfg.o(i.WTIMER3A_Handler)
    i.WTIMER4A_Handler                       0x00001b5c   Section        0  os_cfg.o(i.WTIMER4A_Handler)
    i.WTIMER5A_Handler                       0x00001b74   Section        0  os_cfg.o(i.WTIMER5A_Handler)
    i.copyHardwareToSoftware                 0x00001b8c   Section        0  uart.o(i.copyHardwareToSoftware)
    copyHardwareToSoftware                   0x00001b8d   Thumb Code    28  uart.o(i.copyHardwareToSoftware)
    i.copySoftwareToHardware                 0x00001bac   Section        0  uart.o(i.copySoftwareToHardware)
    copySoftwareToHardware                   0x00001bad   Thumb Code    38  uart.o(i.copySoftwareToHardware)
    i.main                                   0x00001bd8   Section        0  main.o(i.main)
    x$fpl$fpinit                             0x00001cd8   Section       10  fpinit.o(x$fpl$fpinit)
    $v0                                      0x00001cd8   Number         0  fpinit.o(x$fpl$fpinit)
    .data                                    0x20000000   Section      108  main.o(.data)
    Read                                     0x20000060   Data           4  main.o(.data)
    readback                                 0x20000064   Data           4  main.o(.data)
    count                                    0x20000068   Data           4  main.o(.data)
    .data                                    0x2000006c   Section        8  uart.o(.data)
    .data                                    0x20000074   Section       48  os.o(.data)
    realCount                                0x200000a0   Data           4  os.o(.data)
    .data                                    0x200000a4   Section       16  os_cfg.o(.data)
    ClockFrequency                           0x200000a4   Data           4  os_cfg.o(.data)
    .data                                    0x200000b4   Section       24  peripherals.o(.data)
    New1                                     0x200000b4   Data           4  peripherals.o(.data)
    New2                                     0x200000b8   Data           4  peripherals.o(.data)
    New3                                     0x200000bc   Data           4  peripherals.o(.data)
    Last1                                    0x200000c0   Data           4  peripherals.o(.data)
    Last2                                    0x200000c4   Data           4  peripherals.o(.data)
    Last3                                    0x200000c8   Data           4  peripherals.o(.data)
    .bss                                     0x200000cc   Section       14  main.o(.bss)
    .bss                                     0x200000da   Section       16  uart.o(.bss)
    TxFifo                                   0x200000da   Data          16  uart.o(.bss)
    .bss                                     0x200000ec   Section     2954  os.o(.bss)
    .bss                                     0x20000c78   Section       96  libspace.o(.bss)
    HEAP                                     0x20000cd8   Section        0  startup_tm4c123.o(HEAP)
    STACK                                    0x20000cd8   Section      512  startup_tm4c123.o(STACK)
    Heap_Mem                                 0x20000cd8   Data           0  startup_tm4c123.o(HEAP)
    Stack_Mem                                0x20000cd8   Data         512  startup_tm4c123.o(STACK)
    __initial_sp                             0x20000ed8   Data           0  startup_tm4c123.o(STACK)

    Global Symbols

    Symbol Name                              Value     Ov Type        Size  Object(Section)

    BuildAttributes$$THM_ISAv4$E$P$D$K$B$S$7EM$VFPi3$EXTD16$VFPS$VFMA$PE$A:L22UL41UL21$X:L11$S22US41US21$IEEE1$IW$USESV6$~STKCKD$USESV7$~SHL$OTIME$ROPI$EBA8$UX$STANDARDLIB$REQ8$PRES8$EABIv2 0x00000000   Number         0  anon$$obj.o ABSOLUTE
    __ARM_use_no_argv                        0x00000000   Number         0  main.o ABSOLUTE
    __Vectors                                0x00000000   Data           4  startup_tm4c123.o(RESET)
    __ARM_exceptions_init                     - Undefined Weak Reference
    __alloca_initialize                       - Undefined Weak Reference
    __arm_preinit_                            - Undefined Weak Reference
    __cpp_initialize__aeabi_                  - Undefined Weak Reference
    __cxa_finalize                            - Undefined Weak Reference
    __rt_locale                               - Undefined Weak Reference
    __sigvec_lookup                           - Undefined Weak Reference
    _atexit_init                              - Undefined Weak Reference
    _call_atexit_fns                          - Undefined Weak Reference
    _clock_init                               - Undefined Weak Reference
    _fp_trap_init                             - Undefined Weak Reference
    _fp_trap_shutdown                         - Undefined Weak Reference
    _get_lc_collate                           - Undefined Weak Reference
    _get_lc_ctype                             - Undefined Weak Reference
    _get_lc_monetary                          - Undefined Weak Reference
    _get_lc_numeric                           - Undefined Weak Reference
    _get_lc_time                              - Undefined Weak Reference
    _getenv_init                              - Undefined Weak Reference
    _handle_redirection                       - Undefined Weak Reference
    _init_alloc                               - Undefined Weak Reference
    _init_user_alloc                          - Undefined Weak Reference
    _initio                                   - Undefined Weak Reference
    _rand_init                                - Undefined Weak Reference
    _signal_finish                            - Undefined Weak Reference
    _signal_init                              - Undefined Weak Reference
    _terminate_alloc                          - Undefined Weak Reference
    _terminate_user_alloc                     - Undefined Weak Reference
    _terminateio                              - Undefined Weak Reference
    __Vectors_End                            0x0000026c   Data           0  startup_tm4c123.o(RESET)
    __Vectors_Size                           0x0000026c   Number         0  startup_tm4c123.o ABSOLUTE
    __main                                   0x0000026d   Thumb Code     8  __main.o(!!!main)
    __scatterload                            0x00000275   Thumb Code     0  __scatter.o(!!!scatter)
    __scatterload_rt2                        0x00000275   Thumb Code    44  __scatter.o(!!!scatter)
    __scatterload_rt2_thumb_only             0x00000275   Thumb Code     0  __scatter.o(!!!scatter)
    __scatterload_null                       0x00000283   Thumb Code     0  __scatter.o(!!!scatter)
    __scatterload_copy                       0x000002a9   Thumb Code    26  __scatter_copy.o(!!handler_copy)
    __scatterload_zeroinit                   0x000002c5   Thumb Code    28  __scatter_zi.o(!!handler_zi)
    __rt_lib_init                            0x000002e1   Thumb Code     0  libinit.o(.ARM.Collect$$libinit$$00000000)
    __rt_lib_init_fp_1                       0x000002e3   Thumb Code     0  libinit2.o(.ARM.Collect$$libinit$$00000001)
    __rt_lib_init_alloca_1                   0x000002e7   Thumb Code     0  libinit2.o(.ARM.Collect$$libinit$$0000002E)
    __rt_lib_init_argv_1                     0x000002e7   Thumb Code     0  libinit2.o(.ARM.Collect$$libinit$$0000002C)
    __rt_lib_init_atexit_1                   0x000002e7   Thumb Code     0  libinit2.o(.ARM.Collect$$libinit$$0000001B)
    __rt_lib_init_clock_1                    0x000002e7   Thumb Code     0  libinit2.o(.ARM.Collect$$libinit$$00000021)
    __rt_lib_init_cpp_1                      0x000002e7   Thumb Code     0  libinit2.o(.ARM.Collect$$libinit$$00000032)
    __rt_lib_init_exceptions_1               0x000002e7   Thumb Code     0  libinit2.o(.ARM.Collect$$libinit$$00000030)
    __rt_lib_init_fp_trap_1                  0x000002e7   Thumb Code     0  libinit2.o(.ARM.Collect$$libinit$$0000001F)
    __rt_lib_init_getenv_1                   0x000002e7   Thumb Code     0  libinit2.o(.ARM.Collect$$libinit$$00000023)
    __rt_lib_init_heap_1                     0x000002e7   Thumb Code     0  libinit2.o(.ARM.Collect$$libinit$$0000000A)
    __rt_lib_init_lc_collate_1               0x000002e7   Thumb Code     0  libinit2.o(.ARM.Collect$$libinit$$00000011)
    __rt_lib_init_lc_ctype_1                 0x000002e7   Thumb Code     0  libinit2.o(.ARM.Collect$$libinit$$00000013)
    __rt_lib_init_lc_monetary_1              0x000002e7   Thumb Code     0  libinit2.o(.ARM.Collect$$libinit$$00000015)
    __rt_lib_init_lc_numeric_1               0x000002e7   Thumb Code     0  libinit2.o(.ARM.Collect$$libinit$$00000017)
    __rt_lib_init_lc_time_1                  0x000002e7   Thumb Code     0  libinit2.o(.ARM.Collect$$libinit$$00000019)
    __rt_lib_init_preinit_1                  0x000002e7   Thumb Code     0  libinit2.o(.ARM.Collect$$libinit$$00000004)
    __rt_lib_init_rand_1                     0x000002e7   Thumb Code     0  libinit2.o(.ARM.Collect$$libinit$$0000000E)
    __rt_lib_init_return                     0x000002e7   Thumb Code     0  libinit2.o(.ARM.Collect$$libinit$$00000033)
    __rt_lib_init_signal_1                   0x000002e7   Thumb Code     0  libinit2.o(.ARM.Collect$$libinit$$0000001D)
    __rt_lib_init_stdio_1                    0x000002e7   Thumb Code     0  libinit2.o(.ARM.Collect$$libinit$$00000025)
    __rt_lib_init_user_alloc_1               0x000002e7   Thumb Code     0  libinit2.o(.ARM.Collect$$libinit$$0000000C)
    __rt_lib_shutdown                        0x000002e9   Thumb Code     0  libshutdown.o(.ARM.Collect$$libshutdown$$00000000)
    __rt_lib_shutdown_cpp_1                  0x000002eb   Thumb Code     0  libshutdown2.o(.ARM.Collect$$libshutdown$$00000002)
    __rt_lib_shutdown_fp_trap_1              0x000002eb   Thumb Code     0  libshutdown2.o(.ARM.Collect$$libshutdown$$00000007)
    __rt_lib_shutdown_heap_1                 0x000002eb   Thumb Code     0  libshutdown2.o(.ARM.Collect$$libshutdown$$0000000F)
    __rt_lib_shutdown_return                 0x000002eb   Thumb Code     0  libshutdown2.o(.ARM.Collect$$libshutdown$$00000010)
    __rt_lib_shutdown_signal_1               0x000002eb   Thumb Code     0  libshutdown2.o(.ARM.Collect$$libshutdown$$0000000A)
    __rt_lib_shutdown_stdio_1                0x000002eb   Thumb Code     0  libshutdown2.o(.ARM.Collect$$libshutdown$$00000004)
    __rt_lib_shutdown_user_alloc_1           0x000002eb   Thumb Code     0  libshutdown2.o(.ARM.Collect$$libshutdown$$0000000C)
    __rt_entry                               0x000002ed   Thumb Code     0  __rtentry.o(.ARM.Collect$$rtentry$$00000000)
    __rt_entry_presh_1                       0x000002ed   Thumb Code     0  __rtentry2.o(.ARM.Collect$$rtentry$$00000002)
    __rt_entry_sh                            0x000002ed   Thumb Code     0  __rtentry4.o(.ARM.Collect$$rtentry$$00000004)
    __rt_entry_li                            0x000002f3   Thumb Code     0  __rtentry2.o(.ARM.Collect$$rtentry$$0000000A)
    __rt_entry_postsh_1                      0x000002f3   Thumb Code     0  __rtentry2.o(.ARM.Collect$$rtentry$$00000009)
    __rt_entry_main                          0x000002f7   Thumb Code     0  __rtentry2.o(.ARM.Collect$$rtentry$$0000000D)
    __rt_entry_postli_1                      0x000002f7   Thumb Code     0  __rtentry2.o(.ARM.Collect$$rtentry$$0000000C)
    __rt_exit                                0x000002ff   Thumb Code     0  rtexit.o(.ARM.Collect$$rtexit$$00000000)
    __rt_exit_ls                             0x00000301   Thumb Code     0  rtexit2.o(.ARM.Collect$$rtexit$$00000003)
    __rt_exit_prels_1                        0x00000301   Thumb Code     0  rtexit2.o(.ARM.Collect$$rtexit$$00000002)
    __rt_exit_exit                           0x00000305   Thumb Code     0  rtexit2.o(.ARM.Collect$$rtexit$$00000004)
    SysTick_Handler                          0x0000030d   Thumb Code     0  osasm.o(.text)
    StartOS                                  0x00000333   Thumb Code     0  osasm.o(.text)
    DisableInterrupts                        0x00000355   Thumb Code     0  startup_tm4c123.o(.text)
    EnableInterrupts                         0x00000359   Thumb Code     0  startup_tm4c123.o(.text)
    StartCritical                            0x0000035d   Thumb Code     0  startup_tm4c123.o(.text)
    EndCritical                              0x00000365   Thumb Code     0  startup_tm4c123.o(.text)
    WaitForInterrupt                         0x0000036b   Thumb Code     0  startup_tm4c123.o(.text)
    Reset_Handler                            0x0000036f   Thumb Code     8  startup_tm4c123.o(.text)
    NMI_Handler                              0x00000377   Thumb Code     2  startup_tm4c123.o(.text)
    HardFault_Handler                        0x00000379   Thumb Code     2  startup_tm4c123.o(.text)
    MemManage_Handler                        0x0000037b   Thumb Code     2  startup_tm4c123.o(.text)
    BusFault_Handler                         0x0000037d   Thumb Code     2  startup_tm4c123.o(.text)
    UsageFault_Handler                       0x0000037f   Thumb Code     2  startup_tm4c123.o(.text)
    SVC_Handler                              0x00000381   Thumb Code     2  startup_tm4c123.o(.text)
    DebugMon_Handler                         0x00000383   Thumb Code     2  startup_tm4c123.o(.text)
    PendSV_Handler                           0x00000385   Thumb Code     2  startup_tm4c123.o(.text)
    GPIOA_Handler                            0x00000389   Thumb Code     2  startup_tm4c123.o(.text)
    GPIOB_Handler                            0x0000038b   Thumb Code     2  startup_tm4c123.o(.text)
    GPIOC_Handler                            0x0000038d   Thumb Code     2  startup_tm4c123.o(.text)
    GPIOD_Handler                            0x0000038f   Thumb Code     2  startup_tm4c123.o(.text)
    GPIOE_Handler                            0x00000391   Thumb Code     2  startup_tm4c123.o(.text)
    UART0_Handler                            0x00000393   Thumb Code     2  startup_tm4c123.o(.text)
    SSI0_Handler                             0x00000397   Thumb Code     2  startup_tm4c123.o(.text)
    I2C0_Handler                             0x00000399   Thumb Code     2  startup_tm4c123.o(.text)
    PMW0_FAULT_Handler                       0x0000039b   Thumb Code     2  startup_tm4c123.o(.text)
    PWM0_0_Handler                           0x0000039d   Thumb Code     2  startup_tm4c123.o(.text)
    PWM0_1_Handler                           0x0000039f   Thumb Code     2  startup_tm4c123.o(.text)
    PWM0_2_Handler                           0x000003a1   Thumb Code     2  startup_tm4c123.o(.text)
    QEI0_Handler                             0x000003a3   Thumb Code     2  startup_tm4c123.o(.text)
    ADC0SS0_Handler                          0x000003a5   Thumb Code     2  startup_tm4c123.o(.text)
    ADC0SS1_Handler                          0x000003a7   Thumb Code     2  startup_tm4c123.o(.text)
    ADC0SS2_Handler                          0x000003a9   Thumb Code     2  startup_tm4c123.o(.text)
    ADC0SS3_Handler                          0x000003ab   Thumb Code     2  startup_tm4c123.o(.text)
    WDT0_Handler                             0x000003ad   Thumb Code     2  startup_tm4c123.o(.text)
    TIMER0A_Handler                          0x000003af   Thumb Code     2  startup_tm4c123.o(.text)
    TIMER0B_Handler                          0x000003b1   Thumb Code     2  startup_tm4c123.o(.text)
    TIMER1A_Handler                          0x000003b3   Thumb Code     2  startup_tm4c123.o(.text)
    TIMER1B_Handler                          0x000003b5   Thumb Code     2  startup_tm4c123.o(.text)
    TIMER2A_Handler                          0x000003b7   Thumb Code     2  startup_tm4c123.o(.text)
    TIMER2B_Handler                          0x000003b9   Thumb Code     2  startup_tm4c123.o(.text)
    COMP0_Handler                            0x000003bb   Thumb Code     2  startup_tm4c123.o(.text)
    COMP1_Handler                            0x000003bd   Thumb Code     2  startup_tm4c123.o(.text)
    COMP2_Handler                            0x000003bf   Thumb Code     2  startup_tm4c123.o(.text)
    SYSCTL_Handler                           0x000003c1   Thumb Code     2  startup_tm4c123.o(.text)
    FLASH_Handler                            0x000003c3   Thumb Code     2  startup_tm4c123.o(.text)
    GPIOF_Handler                            0x000003c5   Thumb Code     2  startup_tm4c123.o(.text)
    GPIOG_Handler                            0x000003c7   Thumb Code     2  startup_tm4c123.o(.text)
    GPIOH_Handler                            0x000003c9   Thumb Code     2  startup_tm4c123.o(.text)
    UART2_Handler                            0x000003cb   Thumb Code     2  startup_tm4c123.o(.text)
    SSI1_Handler                             0x000003cd   Thumb Code     2  startup_tm4c123.o(.text)
    TIMER3A_Handler                          0x000003cf   Thumb Code     2  startup_tm4c123.o(.text)
    TIMER3B_Handler                          0x000003d1   Thumb Code     2  startup_tm4c123.o(.text)
    I2C1_Handler                             0x000003d3   Thumb Code     2  startup_tm4c123.o(.text)
    QEI1_Handler                             0x000003d5   Thumb Code     2  startup_tm4c123.o(.text)
    CAN0_Handler                             0x000003d7   Thumb Code     2  startup_tm4c123.o(.text)
    CAN1_Handler                             0x000003d9   Thumb Code     2  startup_tm4c123.o(.text)
    CAN2_Handler                             0x000003db   Thumb Code     2  startup_tm4c123.o(.text)
    HIB_Handler                              0x000003dd   Thumb Code     2  startup_tm4c123.o(.text)
    USB0_Handler                             0x000003df   Thumb Code     2  startup_tm4c123.o(.text)
    PWM0_3_Handler                           0x000003e1   Thumb Code     2  startup_tm4c123.o(.text)
    UDMA_Handler                             0x000003e3   Thumb Code     2  startup_tm4c123.o(.text)
    UDMAERR_Handler                          0x000003e5   Thumb Code     2  startup_tm4c123.o(.text)
    ADC1SS0_Handler                          0x000003e7   Thumb Code     2  startup_tm4c123.o(.text)
    ADC1SS1_Handler                          0x000003e9   Thumb Code     2  startup_tm4c123.o(.text)
    ADC1SS2_Handler                          0x000003eb   Thumb Code     2  startup_tm4c123.o(.text)
    ADC1SS3_Handler                          0x000003ed   Thumb Code     2  startup_tm4c123.o(.text)
    GPIOJ_Handler                            0x000003ef   Thumb Code     2  startup_tm4c123.o(.text)
    GPIOK_Handler                            0x000003f1   Thumb Code     2  startup_tm4c123.o(.text)
    GPIOL_Handler                            0x000003f3   Thumb Code     2  startup_tm4c123.o(.text)
    SSI2_Handler                             0x000003f5   Thumb Code     2  startup_tm4c123.o(.text)
    SSI3_Handler                             0x000003f7   Thumb Code     2  startup_tm4c123.o(.text)
    UART3_Handler                            0x000003f9   Thumb Code     2  startup_tm4c123.o(.text)
    UART4_Handler                            0x000003fb   Thumb Code     2  startup_tm4c123.o(.text)
    UART5_Handler                            0x000003fd   Thumb Code     2  startup_tm4c123.o(.text)
    UART6_Handler                            0x000003ff   Thumb Code     2  startup_tm4c123.o(.text)
    UART7_Handler                            0x00000401   Thumb Code     2  startup_tm4c123.o(.text)
    I2C2_Handler                             0x00000403   Thumb Code     2  startup_tm4c123.o(.text)
    I2C3_Handler                             0x00000405   Thumb Code     2  startup_tm4c123.o(.text)
    TIMER4A_Handler                          0x00000407   Thumb Code     2  startup_tm4c123.o(.text)
    TIMER4B_Handler                          0x00000409   Thumb Code     2  startup_tm4c123.o(.text)
    TIMER5A_Handler                          0x0000040b   Thumb Code     2  startup_tm4c123.o(.text)
    TIMER5B_Handler                          0x0000040d   Thumb Code     2  startup_tm4c123.o(.text)
    WTIMER0A_Handler                         0x0000040f   Thumb Code     2  startup_tm4c123.o(.text)
    WTIMER0B_Handler                         0x00000411   Thumb Code     2  startup_tm4c123.o(.text)
    WTIMER1A_Handler                         0x00000413   Thumb Code     2  startup_tm4c123.o(.text)
    WTIMER1B_Handler                         0x00000415   Thumb Code     2  startup_tm4c123.o(.text)
    WTIMER2A_Handler                         0x00000417   Thumb Code     2  startup_tm4c123.o(.text)
    WTIMER2B_Handler                         0x00000419   Thumb Code     2  startup_tm4c123.o(.text)
    WTIMER3B_Handler                         0x0000041d   Thumb Code     2  startup_tm4c123.o(.text)
    WTIMER4B_Handler                         0x00000421   Thumb Code     2  startup_tm4c123.o(.text)
    WTIMER5B_Handler                         0x00000425   Thumb Code     2  startup_tm4c123.o(.text)
    FPU_Handler                              0x00000427   Thumb Code     2  startup_tm4c123.o(.text)
    I2C4_Handler                             0x00000429   Thumb Code     2  startup_tm4c123.o(.text)
    I2C5_Handler                             0x0000042b   Thumb Code     2  startup_tm4c123.o(.text)
    GPIOM_Handler                            0x0000042d   Thumb Code     2  startup_tm4c123.o(.text)
    GPION_Handler                            0x0000042f   Thumb Code     2  startup_tm4c123.o(.text)
    QEI2_Handler                             0x00000431   Thumb Code     2  startup_tm4c123.o(.text)
    GPIOP0_Handler                           0x00000433   Thumb Code     2  startup_tm4c123.o(.text)
    GPIOP1_Handler                           0x00000435   Thumb Code     2  startup_tm4c123.o(.text)
    GPIOP2_Handler                           0x00000437   Thumb Code     2  startup_tm4c123.o(.text)
    GPIOP3_Handler                           0x00000439   Thumb Code     2  startup_tm4c123.o(.text)
    GPIOP4_Handler                           0x0000043b   Thumb Code     2  startup_tm4c123.o(.text)
    GPIOP5_Handler                           0x0000043d   Thumb Code     2  startup_tm4c123.o(.text)
    GPIOP6_Handler                           0x0000043f   Thumb Code     2  startup_tm4c123.o(.text)
    GPIOP7_Handler                           0x00000441   Thumb Code     2  startup_tm4c123.o(.text)
    GPIOQ0_Handler                           0x00000443   Thumb Code     2  startup_tm4c123.o(.text)
    GPIOQ1_Handler                           0x00000445   Thumb Code     2  startup_tm4c123.o(.text)
    GPIOQ2_Handler                           0x00000447   Thumb Code     2  startup_tm4c123.o(.text)
    GPIOQ3_Handler                           0x00000449   Thumb Code     2  startup_tm4c123.o(.text)
    GPIOQ4_Handler                           0x0000044b   Thumb Code     2  startup_tm4c123.o(.text)
    GPIOQ5_Handler                           0x0000044d   Thumb Code     2  startup_tm4c123.o(.text)
    GPIOQ6_Handler                           0x0000044f   Thumb Code     2  startup_tm4c123.o(.text)
    GPIOQ7_Handler                           0x00000451   Thumb Code     2  startup_tm4c123.o(.text)
    GPIOR_Handler                            0x00000453   Thumb Code     2  startup_tm4c123.o(.text)
    GPIOS_Handler                            0x00000455   Thumb Code     2  startup_tm4c123.o(.text)
    PMW1_0_Handler                           0x00000457   Thumb Code     2  startup_tm4c123.o(.text)
    PWM1_1_Handler                           0x00000459   Thumb Code     2  startup_tm4c123.o(.text)
    PWM1_2_Handler                           0x0000045b   Thumb Code     2  startup_tm4c123.o(.text)
    PWM1_3_Handler                           0x0000045d   Thumb Code     2  startup_tm4c123.o(.text)
    PWM1_FAULT_Handler                       0x0000045f   Thumb Code     2  startup_tm4c123.o(.text)
    __user_initial_stackheap                 0x00000461   Thumb Code     0  startup_tm4c123.o(.text)
    __use_two_region_memory                  0x00000481   Thumb Code     2  heapauxi.o(.text)
    __rt_heap_escrow$2region                 0x00000483   Thumb Code     2  heapauxi.o(.text)
    __rt_heap_expand$2region                 0x00000485   Thumb Code     2  heapauxi.o(.text)
    __user_setup_stackheap                   0x00000487   Thumb Code    74  sys_stackheap_outer.o(.text)
    exit                                     0x000004d1   Thumb Code    18  exit.o(.text)
    __user_libspace                          0x000004e5   Thumb Code     8  libspace.o(.text)
    __user_perproc_libspace                  0x000004e5   Thumb Code     0  libspace.o(.text)
    __user_perthread_libspace                0x000004e5   Thumb Code     0  libspace.o(.text)
    _sys_exit                                0x000004ed   Thumb Code     8  sys_exit.o(.text)
    __I$use$semihosting                      0x000004f9   Thumb Code     0  use_no_semi.o(.text)
    __use_no_semihosting_swi                 0x000004f9   Thumb Code     2  use_no_semi.o(.text)
    Delay1ms                                 0x000004fb   Thumb Code    22  delay.o(i.Delay1ms)
    __semihosting_library_function           0x000004fb   Thumb Code     0  indicate_semi.o(.text)
    Delay1us                                 0x00000511   Thumb Code    20  delay.o(i.Delay1us)
    Fill_Software_FIFO                       0x00000525   Thumb Code     8  uart.o(i.Fill_Software_FIFO)
    GPIODirModeSet                           0x0000052d   Thumb Code    40  gpio.o(i.GPIODirModeSet)
    GPIOPadConfigSet                         0x00000555   Thumb Code   314  gpio.o(i.GPIOPadConfigSet)
    GPIOPinTypeGPIOInput                     0x0000068f   Thumb Code    28  gpio.o(i.GPIOPinTypeGPIOInput)
    GPIOPinTypeGPIOOutput                    0x000006ab   Thumb Code    28  gpio.o(i.GPIOPinTypeGPIOOutput)
    GPIOPinWrite                             0x000006c7   Thumb Code     6  gpio.o(i.GPIOPinWrite)
    Gun_Disable                              0x000006cd   Thumb Code    16  peripherals.o(i.Gun_Disable)
    Gun_Enable                               0x000006e5   Thumb Code    16  peripherals.o(i.Gun_Enable)
    Gun_Init                                 0x000006fd   Thumb Code    96  peripherals.o(i.Gun_Init)
    KIT_DIO_ClearPin                         0x0000076d   Thumb Code   182  dio_initpins.o(i.KIT_DIO_ClearPin)
    KIT_DIO_InitPin                          0x00000839   Thumb Code   400  dio_initpins.o(i.KIT_DIO_InitPin)
    KIT_DIO_SetPin                           0x000009ed   Thumb Code   206  dio_initpins.o(i.KIT_DIO_SetPin)
    KIT_LCD_Clear_Screen                     0x00000ad1   Thumb Code    22  lcd.o(i.KIT_LCD_Clear_Screen)
    KIT_LCD_goto                             0x00000ae9   Thumb Code    38  lcd.o(i.KIT_LCD_goto)
    KIT_LCD_init                             0x00000b15   Thumb Code   116  lcd.o(i.KIT_LCD_init)
    KIT_LCD_print                            0x00000b89   Thumb Code    26  lcd.o(i.KIT_LCD_print)
    KIT_LCD_send_command                     0x00000ba3   Thumb Code   242  lcd.o(i.KIT_LCD_send_command)
    KIT_LCD_send_data                        0x00000c95   Thumb Code   240  lcd.o(i.KIT_LCD_send_data)
    OS_AddThreads                            0x00000d85   Thumb Code   246  os.o(i.OS_AddThreads)
    OS_Clock_GetFreq                         0x00000e89   Thumb Code     6  os_cfg.o(i.OS_Clock_GetFreq)
    OS_FIFO_Get                              0x00000e95   Thumb Code    30  os.o(i.OS_FIFO_Get)
    OS_FIFO_Init                             0x00000ebd   Thumb Code    28  os.o(i.OS_FIFO_Init)
    OS_FIFO_Put                              0x00000ee9   Thumb Code    58  os.o(i.OS_FIFO_Put)
    OS_InitSemaphore                         0x00000f35   Thumb Code    18  os.o(i.OS_InitSemaphore)
    OS_Launch                                0x00000f49   Thumb Code    48  os.o(i.OS_Launch)
    OS_PeriodTrigger0_Init                   0x00000f7d   Thumb Code    28  os.o(i.OS_PeriodTrigger0_Init)
    OS_PeriodTrigger1_Init                   0x00000fa5   Thumb Code    28  os.o(i.OS_PeriodTrigger1_Init)
    OS_PeriodicTask_InitB                    0x00000fcd   Thumb Code   160  os_cfg.o(i.OS_PeriodicTask_InitB)
    OS_PeriodicTask_InitC                    0x00001089   Thumb Code   160  os_cfg.o(i.OS_PeriodicTask_InitC)
    OS_Signal                                0x00001145   Thumb Code    46  os.o(i.OS_Signal)
    OS_Suspend                               0x00001179   Thumb Code    18  os.o(i.OS_Suspend)
    OS_Wait                                  0x00001191   Thumb Code    40  os.o(i.OS_Wait)
    PLL_Init                                 0x000011bd   Thumb Code   120  pll.o(i.PLL_Init)
    RealTimeEvents                           0x00001239   Thumb Code    86  os.o(i.RealTimeEvents)
    Scheduler                                0x000012a5   Thumb Code    42  os.o(i.Scheduler)
    Sensor_Read                              0x000012d5   Thumb Code   144  peripherals.o(i.Sensor_Read)
    Sensors_Init                             0x00001385   Thumb Code    86  peripherals.o(i.Sensors_Init)
    SetInitialStack                          0x000013ed   Thumb Code   328  os.o(i.SetInitialStack)
    SysCtlPeripheralEnable                   0x0000153d   Thumb Code    36  sysctl.o(i.SysCtlPeripheralEnable)
    SystemInit                               0x00001565   Thumb Code    14  system_tm4c123.o(i.SystemInit)
    Task0                                    0x00001579   Thumb Code    90  main.o(i.Task0)
    Task1                                    0x000015f9   Thumb Code     8  main.o(i.Task1)
    Task2                                    0x00001601   Thumb Code    68  main.o(i.Task2)
    Task3                                    0x0000165d   Thumb Code    14  main.o(i.Task3)
    Task4                                    0x00001671   Thumb Code   140  main.o(i.Task4)
    Task5                                    0x0000171d   Thumb Code   184  main.o(i.Task5)
    Task6                                    0x00001801   Thumb Code   150  main.o(i.Task6)
    TxFifo_Get                               0x000018b9   Thumb Code    60  uart.o(i.TxFifo_Get)
    TxFifo_Init                              0x00001901   Thumb Code    26  uart.o(i.TxFifo_Init)
    TxFifo_Put                               0x00001925   Thumb Code    62  uart.o(i.TxFifo_Put)
    TxFifo_Size                              0x00001971   Thumb Code    14  uart.o(i.TxFifo_Size)
    UART1_Handler                            0x00001989   Thumb Code    84  main.o(i.UART1_Handler)
    UART1_Init                               0x000019ed   Thumb Code   174  uart.o(i.UART1_Init)
    UART_InChar                              0x00001ab5   Thumb Code     8  uart.o(i.UART_InChar)
    UART_InString                            0x00001abd   Thumb Code    58  uart.o(i.UART_InString)
    UART_OutChar                             0x00001af9   Thumb Code    46  uart.o(i.UART_OutChar)
    UART_OutString                           0x00001b2d   Thumb Code    22  uart.o(i.UART_OutString)
    WTIMER3A_Handler                         0x00001b45   Thumb Code    16  os_cfg.o(i.WTIMER3A_Handler)
    WTIMER4A_Handler                         0x00001b5d   Thumb Code    16  os_cfg.o(i.WTIMER4A_Handler)
    WTIMER5A_Handler                         0x00001b75   Thumb Code    16  os_cfg.o(i.WTIMER5A_Handler)
    main                                     0x00001bd9   Thumb Code   192  main.o(i.main)
    _fp_init                                 0x00001cd9   Thumb Code    10  fpinit.o(x$fpl$fpinit)
    __fplib_config_fpu_vfp                   0x00001ce1   Thumb Code     0  fpinit.o(x$fpl$fpinit)
    __fplib_config_pureend_doubles           0x00001ce1   Thumb Code     0  fpinit.o(x$fpl$fpinit)
    Region$$Table$$Base                      0x00001ce4   Number         0  anon$$obj.o(Region$$Table)
    Region$$Table$$Limit                     0x00001d04   Number         0  anon$$obj.o(Region$$Table)
    Mux_LCD                                  0x20000000   Data           4  main.o(.data)
    Mux_FIS                                  0x20000004   Data           4  main.o(.data)
    Mux_Hlth                                 0x20000008   Data           4  main.o(.data)
    UART_Input                               0x2000000c   Data           4  main.o(.data)
    New_FIS                                  0x20000010   Data           4  main.o(.data)
    New_String                               0x20000014   Data           4  main.o(.data)
    New_hlt                                  0x20000018   Data           4  main.o(.data)
    Per_SendHlth                             0x2000001c   Data           4  main.o(.data)
    Per_RSensor                              0x20000020   Data           4  main.o(.data)
    Health                                   0x20000024   Data           4  main.o(.data)
    GameRun                                  0x20000028   Data           4  main.o(.data)
    count0                                   0x2000002c   Data           4  main.o(.data)
    count1                                   0x20000030   Data           4  main.o(.data)
    count2                                   0x20000034   Data           4  main.o(.data)
    count3                                   0x20000038   Data           4  main.o(.data)
    count4                                   0x2000003c   Data           4  main.o(.data)
    count5                                   0x20000040   Data           4  main.o(.data)
    count6                                   0x20000044   Data           4  main.o(.data)
    count0_IN0                               0x20000048   Data           4  main.o(.data)
    count1_IN                                0x2000004c   Data           4  main.o(.data)
    count2_IN                                0x20000050   Data           4  main.o(.data)
    count0_IN1                               0x20000054   Data           4  main.o(.data)
    count0_IN2                               0x20000058   Data           4  main.o(.data)
    count0_IN3                               0x2000005c   Data           4  main.o(.data)
    TxPutI                                   0x2000006c   Data           4  uart.o(.data)
    TxGetI                                   0x20000070   Data           4  uart.o(.data)
    RunPt                                    0x20000074   Data           4  os.o(.data)
    numPeriodicEvents                        0x20000078   Data           4  os.o(.data)
    PutI                                     0x2000007c   Data           4  os.o(.data)
    GetI                                     0x20000080   Data           4  os.o(.data)
    CurrentSize                              0x20000084   Data           4  os.o(.data)
    LostData                                 0x20000088   Data           4  os.o(.data)
    PeriodicSemaphore0                       0x2000008c   Data           4  os.o(.data)
    Period0                                  0x20000090   Data           4  os.o(.data)
    PeriodicSemaphore1                       0x20000094   Data           4  os.o(.data)
    Period1                                  0x20000098   Data           4  os.o(.data)
    edgeSemaphore                            0x2000009c   Data           4  os.o(.data)
    PeriodicTask                             0x200000a8   Data           4  os_cfg.o(.data)
    PeriodicTaskB                            0x200000ac   Data           4  os_cfg.o(.data)
    PeriodicTaskC                            0x200000b0   Data           4  os_cfg.o(.data)
    UART_Data                                0x200000cc   Data          14  main.o(.bss)
    tcbs                                     0x200000ec   Data         140  os.o(.bss)
    Stacks                                   0x20000178   Data        2800  os.o(.bss)
    Fifo                                     0x20000c68   Data          14  os.o(.bss)
    __libspace_start                         0x20000c78   Data          96  libspace.o(.bss)
    __temporary_stack_top$libspace           0x20000cd8   Data           0  libspace.o(.bss)



==============================================================================

Memory Map of the image

  Image Entry point : 0x0000036f

  Load Region LR_1 (Base: 0x00000000, Size: 0x00001dd0, Max: 0xffffffff, ABSOLUTE)

    Execution Region ER_RO (Exec base: 0x00000000, Load base: 0x00000000, Size: 0x00001d04, Max: 0xffffffff, ABSOLUTE)

    Exec Addr    Load Addr    Size         Type   Attr      Idx    E Section Name        Object

    0x00000000   0x00000000   0x0000026c   Data   RO          832    RESET               startup_tm4c123.o
    0x0000026c   0x0000026c   0x00000008   Code   RO         1698  * !!!main             c_w.l(__main.o)
    0x00000274   0x00000274   0x00000034   Code   RO         1855    !!!scatter          c_w.l(__scatter.o)
    0x000002a8   0x000002a8   0x0000001a   Code   RO         1857    !!handler_copy      c_w.l(__scatter_copy.o)
    0x000002c2   0x000002c2   0x00000002   PAD
    0x000002c4   0x000002c4   0x0000001c   Code   RO         1859    !!handler_zi        c_w.l(__scatter_zi.o)
    0x000002e0   0x000002e0   0x00000002   Code   RO         1725    .ARM.Collect$$libinit$$00000000  c_w.l(libinit.o)
    0x000002e2   0x000002e2   0x00000004   Code   RO         1731    .ARM.Collect$$libinit$$00000001  c_w.l(libinit2.o)
    0x000002e6   0x000002e6   0x00000000   Code   RO         1734    .ARM.Collect$$libinit$$00000004  c_w.l(libinit2.o)
    0x000002e6   0x000002e6   0x00000000   Code   RO         1737    .ARM.Collect$$libinit$$0000000A  c_w.l(libinit2.o)
    0x000002e6   0x000002e6   0x00000000   Code   RO         1739    .ARM.Collect$$libinit$$0000000C  c_w.l(libinit2.o)
    0x000002e6   0x000002e6   0x00000000   Code   RO         1741    .ARM.Collect$$libinit$$0000000E  c_w.l(libinit2.o)
    0x000002e6   0x000002e6   0x00000000   Code   RO         1744    .ARM.Collect$$libinit$$00000011  c_w.l(libinit2.o)
    0x000002e6   0x000002e6   0x00000000   Code   RO         1746    .ARM.Collect$$libinit$$00000013  c_w.l(libinit2.o)
    0x000002e6   0x000002e6   0x00000000   Code   RO         1748    .ARM.Collect$$libinit$$00000015  c_w.l(libinit2.o)
    0x000002e6   0x000002e6   0x00000000   Code   RO         1750    .ARM.Collect$$libinit$$00000017  c_w.l(libinit2.o)
    0x000002e6   0x000002e6   0x00000000   Code   RO         1752    .ARM.Collect$$libinit$$00000019  c_w.l(libinit2.o)
    0x000002e6   0x000002e6   0x00000000   Code   RO         1754    .ARM.Collect$$libinit$$0000001B  c_w.l(libinit2.o)
    0x000002e6   0x000002e6   0x00000000   Code   RO         1756    .ARM.Collect$$libinit$$0000001D  c_w.l(libinit2.o)
    0x000002e6   0x000002e6   0x00000000   Code   RO         1758    .ARM.Collect$$libinit$$0000001F  c_w.l(libinit2.o)
    0x000002e6   0x000002e6   0x00000000   Code   RO         1760    .ARM.Collect$$libinit$$00000021  c_w.l(libinit2.o)
    0x000002e6   0x000002e6   0x00000000   Code   RO         1762    .ARM.Collect$$libinit$$00000023  c_w.l(libinit2.o)
    0x000002e6   0x000002e6   0x00000000   Code   RO         1764    .ARM.Collect$$libinit$$00000025  c_w.l(libinit2.o)
    0x000002e6   0x000002e6   0x00000000   Code   RO         1768    .ARM.Collect$$libinit$$0000002C  c_w.l(libinit2.o)
    0x000002e6   0x000002e6   0x00000000   Code   RO         1770    .ARM.Collect$$libinit$$0000002E  c_w.l(libinit2.o)
    0x000002e6   0x000002e6   0x00000000   Code   RO         1772    .ARM.Collect$$libinit$$00000030  c_w.l(libinit2.o)
    0x000002e6   0x000002e6   0x00000000   Code   RO         1774    .ARM.Collect$$libinit$$00000032  c_w.l(libinit2.o)
    0x000002e6   0x000002e6   0x00000002   Code   RO         1775    .ARM.Collect$$libinit$$00000033  c_w.l(libinit2.o)
    0x000002e8   0x000002e8   0x00000002   Code   RO         1795    .ARM.Collect$$libshutdown$$00000000  c_w.l(libshutdown.o)
    0x000002ea   0x000002ea   0x00000000   Code   RO         1808    .ARM.Collect$$libshutdown$$00000002  c_w.l(libshutdown2.o)
    0x000002ea   0x000002ea   0x00000000   Code   RO         1810    .ARM.Collect$$libshutdown$$00000004  c_w.l(libshutdown2.o)
    0x000002ea   0x000002ea   0x00000000   Code   RO         1813    .ARM.Collect$$libshutdown$$00000007  c_w.l(libshutdown2.o)
    0x000002ea   0x000002ea   0x00000000   Code   RO         1816    .ARM.Collect$$libshutdown$$0000000A  c_w.l(libshutdown2.o)
    0x000002ea   0x000002ea   0x00000000   Code   RO         1818    .ARM.Collect$$libshutdown$$0000000C  c_w.l(libshutdown2.o)
    0x000002ea   0x000002ea   0x00000000   Code   RO         1821    .ARM.Collect$$libshutdown$$0000000F  c_w.l(libshutdown2.o)
    0x000002ea   0x000002ea   0x00000002   Code   RO         1822    .ARM.Collect$$libshutdown$$00000010  c_w.l(libshutdown2.o)
    0x000002ec   0x000002ec   0x00000000   Code   RO         1700    .ARM.Collect$$rtentry$$00000000  c_w.l(__rtentry.o)
    0x000002ec   0x000002ec   0x00000000   Code   RO         1702    .ARM.Collect$$rtentry$$00000002  c_w.l(__rtentry2.o)
    0x000002ec   0x000002ec   0x00000006   Code   RO         1714    .ARM.Collect$$rtentry$$00000004  c_w.l(__rtentry4.o)
    0x000002f2   0x000002f2   0x00000000   Code   RO         1704    .ARM.Collect$$rtentry$$00000009  c_w.l(__rtentry2.o)
    0x000002f2   0x000002f2   0x00000004   Code   RO         1705    .ARM.Collect$$rtentry$$0000000A  c_w.l(__rtentry2.o)
    0x000002f6   0x000002f6   0x00000000   Code   RO         1707    .ARM.Collect$$rtentry$$0000000C  c_w.l(__rtentry2.o)
    0x000002f6   0x000002f6   0x00000008   Code   RO         1708    .ARM.Collect$$rtentry$$0000000D  c_w.l(__rtentry2.o)
    0x000002fe   0x000002fe   0x00000002   Code   RO         1729    .ARM.Collect$$rtexit$$00000000  c_w.l(rtexit.o)
    0x00000300   0x00000300   0x00000000   Code   RO         1777    .ARM.Collect$$rtexit$$00000002  c_w.l(rtexit2.o)
    0x00000300   0x00000300   0x00000004   Code   RO         1778    .ARM.Collect$$rtexit$$00000003  c_w.l(rtexit2.o)
    0x00000304   0x00000304   0x00000006   Code   RO         1779    .ARM.Collect$$rtexit$$00000004  c_w.l(rtexit2.o)
    0x0000030a   0x0000030a   0x00000002   PAD
    0x0000030c   0x0000030c   0x00000048   Code   RO          546    .text               osasm.o
    0x00000354   0x00000354   0x0000012c   Code   RO          833  * .text               startup_tm4c123.o
    0x00000480   0x00000480   0x00000006   Code   RO         1696    .text               c_w.l(heapauxi.o)
    0x00000486   0x00000486   0x0000004a   Code   RO         1716    .text               c_w.l(sys_stackheap_outer.o)
    0x000004d0   0x000004d0   0x00000012   Code   RO         1718    .text               c_w.l(exit.o)
    0x000004e2   0x000004e2   0x00000002   PAD
    0x000004e4   0x000004e4   0x00000008   Code   RO         1726    .text               c_w.l(libspace.o)
    0x000004ec   0x000004ec   0x0000000c   Code   RO         1787    .text               c_w.l(sys_exit.o)
    0x000004f8   0x000004f8   0x00000002   Code   RO         1798    .text               c_w.l(use_no_semi.o)
    0x000004fa   0x000004fa   0x00000000   Code   RO         1800    .text               c_w.l(indicate_semi.o)
    0x000004fa   0x000004fa   0x00000016   Code   RO          288    i.Delay1ms          delay.o
    0x00000510   0x00000510   0x00000014   Code   RO          289    i.Delay1us          delay.o
    0x00000524   0x00000524   0x00000008   Code   RO          172    i.Fill_Software_FIFO  uart.o
    0x0000052c   0x0000052c   0x00000028   Code   RO          905    i.GPIODirModeSet    driverlib.lib(gpio.o)
    0x00000554   0x00000554   0x0000013a   Code   RO          915    i.GPIOPadConfigSet  driverlib.lib(gpio.o)
    0x0000068e   0x0000068e   0x0000001c   Code   RO          925    i.GPIOPinTypeGPIOInput  driverlib.lib(gpio.o)
    0x000006aa   0x000006aa   0x0000001c   Code   RO          926    i.GPIOPinTypeGPIOOutput  driverlib.lib(gpio.o)
    0x000006c6   0x000006c6   0x00000006   Code   RO          947    i.GPIOPinWrite      driverlib.lib(gpio.o)
    0x000006cc   0x000006cc   0x00000018   Code   RO          790    i.Gun_Disable       peripherals.o
    0x000006e4   0x000006e4   0x00000018   Code   RO          791    i.Gun_Enable        peripherals.o
    0x000006fc   0x000006fc   0x00000070   Code   RO          792    i.Gun_Init          peripherals.o
    0x0000076c   0x0000076c   0x000000cc   Code   RO          689    i.KIT_DIO_ClearPin  dio_initpins.o
    0x00000838   0x00000838   0x000001b4   Code   RO          691    i.KIT_DIO_InitPin   dio_initpins.o
    0x000009ec   0x000009ec   0x000000e4   Code   RO          692    i.KIT_DIO_SetPin    dio_initpins.o
    0x00000ad0   0x00000ad0   0x00000016   Code   RO          550    i.KIT_LCD_Clear_Screen  lcd.o
    0x00000ae6   0x00000ae6   0x00000002   PAD
    0x00000ae8   0x00000ae8   0x0000002c   Code   RO          552    i.KIT_LCD_goto      lcd.o
    0x00000b14   0x00000b14   0x00000074   Code   RO          553    i.KIT_LCD_init      lcd.o
    0x00000b88   0x00000b88   0x0000001a   Code   RO          554    i.KIT_LCD_print     lcd.o
    0x00000ba2   0x00000ba2   0x000000f2   Code   RO          557    i.KIT_LCD_send_command  lcd.o
    0x00000c94   0x00000c94   0x000000f0   Code   RO          558    i.KIT_LCD_send_data  lcd.o
    0x00000d84   0x00000d84   0x00000104   Code   RO          319    i.OS_AddThreads     os.o
    0x00000e88   0x00000e88   0x0000000c   Code   RO          453    i.OS_Clock_GetFreq  os_cfg.o
    0x00000e94   0x00000e94   0x00000028   Code   RO          322    i.OS_FIFO_Get       os.o
    0x00000ebc   0x00000ebc   0x0000002c   Code   RO          323    i.OS_FIFO_Init      os.o
    0x00000ee8   0x00000ee8   0x0000004c   Code   RO          324    i.OS_FIFO_Put       os.o
    0x00000f34   0x00000f34   0x00000012   Code   RO          326    i.OS_InitSemaphore  os.o
    0x00000f46   0x00000f46   0x00000002   PAD
    0x00000f48   0x00000f48   0x00000034   Code   RO          327    i.OS_Launch         os.o
    0x00000f7c   0x00000f7c   0x00000028   Code   RO          328    i.OS_PeriodTrigger0_Init  os.o
    0x00000fa4   0x00000fa4   0x00000028   Code   RO          329    i.OS_PeriodTrigger1_Init  os.o
    0x00000fcc   0x00000fcc   0x000000bc   Code   RO          456    i.OS_PeriodicTask_InitB  os_cfg.o
    0x00001088   0x00001088   0x000000bc   Code   RO          457    i.OS_PeriodicTask_InitC  os_cfg.o
    0x00001144   0x00001144   0x00000034   Code   RO          330    i.OS_Signal         os.o
    0x00001178   0x00001178   0x00000018   Code   RO          332    i.OS_Suspend        os.o
    0x00001190   0x00001190   0x0000002c   Code   RO          333    i.OS_Wait           os.o
    0x000011bc   0x000011bc   0x0000007c   Code   RO          157    i.PLL_Init          pll.o
    0x00001238   0x00001238   0x0000006c   Code   RO          334    i.RealTimeEvents    os.o
    0x000012a4   0x000012a4   0x00000030   Code   RO          335    i.Scheduler         os.o
    0x000012d4   0x000012d4   0x000000b0   Code   RO          793    i.Sensor_Read       peripherals.o
    0x00001384   0x00001384   0x00000068   Code   RO          794    i.Sensors_Init      peripherals.o
    0x000013ec   0x000013ec   0x00000150   Code   RO          336    i.SetInitialStack   os.o
    0x0000153c   0x0000153c   0x00000028   Code   RO         1260    i.SysCtlPeripheralEnable  driverlib.lib(sysctl.o)
    0x00001564   0x00001564   0x00000014   Code   RO          841    i.SystemInit        system_tm4c123.o
    0x00001578   0x00001578   0x00000080   Code   RO            1    i.Task0             main.o
    0x000015f8   0x000015f8   0x00000008   Code   RO            2    i.Task1             main.o
    0x00001600   0x00001600   0x0000005c   Code   RO            3    i.Task2             main.o
    0x0000165c   0x0000165c   0x00000014   Code   RO            4    i.Task3             main.o
    0x00001670   0x00001670   0x000000ac   Code   RO            5    i.Task4             main.o
    0x0000171c   0x0000171c   0x000000e4   Code   RO            6    i.Task5             main.o
    0x00001800   0x00001800   0x000000b8   Code   RO            7    i.Task6             main.o
    0x000018b8   0x000018b8   0x00000048   Code   RO          174    i.TxFifo_Get        uart.o
    0x00001900   0x00001900   0x00000024   Code   RO          175    i.TxFifo_Init       uart.o
    0x00001924   0x00001924   0x0000004c   Code   RO          176    i.TxFifo_Put        uart.o
    0x00001970   0x00001970   0x00000018   Code   RO          177    i.TxFifo_Size       uart.o
    0x00001988   0x00001988   0x00000064   Code   RO            8    i.UART1_Handler     main.o
    0x000019ec   0x000019ec   0x000000c8   Code   RO          178    i.UART1_Init        uart.o
    0x00001ab4   0x00001ab4   0x00000008   Code   RO          179    i.UART_InChar       uart.o
    0x00001abc   0x00001abc   0x0000003a   Code   RO          180    i.UART_InString     uart.o
    0x00001af6   0x00001af6   0x00000002   PAD
    0x00001af8   0x00001af8   0x00000034   Code   RO          183    i.UART_OutChar      uart.o
    0x00001b2c   0x00001b2c   0x00000016   Code   RO          184    i.UART_OutString    uart.o
    0x00001b42   0x00001b42   0x00000002   PAD
    0x00001b44   0x00001b44   0x00000018   Code   RO          464    i.WTIMER3A_Handler  os_cfg.o
    0x00001b5c   0x00001b5c   0x00000018   Code   RO          465    i.WTIMER4A_Handler  os_cfg.o
    0x00001b74   0x00001b74   0x00000018   Code   RO          466    i.WTIMER5A_Handler  os_cfg.o
    0x00001b8c   0x00001b8c   0x00000020   Code   RO          187    i.copyHardwareToSoftware  uart.o
    0x00001bac   0x00001bac   0x0000002c   Code   RO          188    i.copySoftwareToHardware  uart.o
    0x00001bd8   0x00001bd8   0x00000100   Code   RO            9    i.main              main.o
    0x00001cd8   0x00001cd8   0x0000000a   Code   RO         1785    x$fpl$fpinit        fz_wm.l(fpinit.o)
    0x00001ce2   0x00001ce2   0x00000002   PAD
    0x00001ce4   0x00001ce4   0x00000020   Data   RO         1853    Region$$Table       anon$$obj.o


    Execution Region ER_RW (Exec base: 0x20000000, Load base: 0x00001d04, Size: 0x000000cc, Max: 0xffffffff, ABSOLUTE)

    Exec Addr    Load Addr    Size         Type   Attr      Idx    E Section Name        Object

    0x20000000   0x00001d04   0x0000006c   Data   RW           11    .data               main.o
    0x2000006c   0x00001d70   0x00000008   Data   RW          190    .data               uart.o
    0x20000074   0x00001d78   0x00000030   Data   RW          339    .data               os.o
    0x200000a4   0x00001da8   0x00000010   Data   RW          467    .data               os_cfg.o
    0x200000b4   0x00001db8   0x00000018   Data   RW          795    .data               peripherals.o


    Execution Region ER_ZI (Exec base: 0x200000cc, Load base: 0x00001dd0, Size: 0x00000e0c, Max: 0xffffffff, ABSOLUTE)

    Exec Addr    Load Addr    Size         Type   Attr      Idx    E Section Name        Object

    0x200000cc        -       0x0000000e   Zero   RW           10    .bss                main.o
    0x200000da        -       0x00000010   Zero   RW          189    .bss                uart.o
    0x200000ea   0x00001dd0   0x00000002   PAD
    0x200000ec        -       0x00000b8a   Zero   RW          338    .bss                os.o
    0x20000c76   0x00001dd0   0x00000002   PAD
    0x20000c78        -       0x00000060   Zero   RW         1727    .bss                c_w.l(libspace.o)
    0x20000cd8        -       0x00000000   Zero   RW          831    HEAP                startup_tm4c123.o
    0x20000cd8        -       0x00000200   Zero   RW          830    STACK               startup_tm4c123.o


==============================================================================

Image component sizes


      Code (inc. data)   RO Data    RW Data    ZI Data      Debug   Object Name

        42          0          0          0          0       1134   delay.o
       868        116          0          0          0       2554   dio_initpins.o
       690          6          0          0          0       3876   lcd.o
      1188        258          0        108         14      11295   main.o
      1182        138          0         48       2954      10820   os.o
       460         86          0         16          0       4559   os_cfg.o
        72          4          0          0          0        332   osasm.o
       440         82          0         24          0       2867   peripherals.o
       124          4          0          0          0        543   pll.o
       300         22        620          0        512       5508   startup_tm4c123.o
        20          6          0          0          0        541   system_tm4c123.o
       632         88          0          8         16       8054   uart.o

    ----------------------------------------------------------------------
      6026        810        652        204       3500      52083   Object Totals
         0          0         32          0          0          0   (incl. Generated)
         8          0          0          0          4          0   (incl. Padding)

    ----------------------------------------------------------------------

      Code (inc. data)   RO Data    RW Data    ZI Data      Debug   Library Member Name

         8          0          0          0          0         68   __main.o
         0          0          0          0          0          0   __rtentry.o
        12          0          0          0          0          0   __rtentry2.o
         6          0          0          0          0          0   __rtentry4.o
        52          8          0          0          0          0   __scatter.o
        26          0          0          0          0          0   __scatter_copy.o
        28          0          0          0          0          0   __scatter_zi.o
        18          0          0          0          0         80   exit.o
         6          0          0          0          0        152   heapauxi.o
         0          0          0          0          0          0   indicate_semi.o
         2          0          0          0          0          0   libinit.o
         6          0          0          0          0          0   libinit2.o
         2          0          0          0          0          0   libshutdown.o
         2          0          0          0          0          0   libshutdown2.o
         8          4          0          0         96         68   libspace.o
         2          0          0          0          0          0   rtexit.o
        10          0          0          0          0          0   rtexit2.o
        12          4          0          0          0         68   sys_exit.o
        74          0          0          0          0         80   sys_stackheap_outer.o
         2          0          0          0          0         68   use_no_semi.o
       416          0          0          0          0       5470   gpio.o
        40          4          0          0          0        433   sysctl.o
        10          0          0          0          0        116   fpinit.o

    ----------------------------------------------------------------------
       750         20          0          0         96       6603   Library Totals
         8          0          0          0          0          0   (incl. Padding)

    ----------------------------------------------------------------------

      Code (inc. data)   RO Data    RW Data    ZI Data      Debug   Library Name

       276         16          0          0         96        584   c_w.l
       456          4          0          0          0       5903   driverlib.lib
        10          0          0          0          0        116   fz_wm.l

    ----------------------------------------------------------------------
       750         20          0          0         96       6603   Library Totals

    ----------------------------------------------------------------------

==============================================================================


      Code (inc. data)   RO Data    RW Data    ZI Data      Debug   

      6776        830        652        204       3596      52830   Grand Totals
      6776        830        652        204       3596      52830   ELF Image Totals
      6776        830        652        204          0          0   ROM Totals

==============================================================================

    Total RO  Size (Code + RO Data)                 7428 (   7.25kB)
    Total RW  Size (RW Data + ZI Data)              3800 (   3.71kB)
    Total ROM Size (Code + RO Data + RW Data)       7632 (   7.45kB)

==============================================================================

